 quadtestmodel_sfun

 Timestamp is 51838f62 (Fri May 03 11:20:18 2013)

 Preferred load address is 0000000180000000

 Start         Length     Name                   Class
 0001:00000000 0003bd54H .text                   CODE
 0001:0003bd60 00000092H .text$x                 CODE
 0002:00000000 000004a0H .idata$5                DATA
 0002:000004a0 00000008H .CRT$XCA                DATA
 0002:000004a8 00000008H .CRT$XCZ                DATA
 0002:000004b0 00000008H .CRT$XIA                DATA
 0002:000004b8 00000008H .CRT$XIAA               DATA
 0002:000004c0 00000008H .CRT$XIZ                DATA
 0002:000004d0 00004b1cH .rdata                  DATA
 0002:00004ff0 00000008H .rtc$IAA                DATA
 0002:00004ff8 00000008H .rtc$IZZ                DATA
 0002:00005000 00000008H .rtc$TAA                DATA
 0002:00005008 00000008H .rtc$TZZ                DATA
 0002:00005010 000042ecH .xdata                  DATA
 0002:000092fc 000000a0H .idata$2                DATA
 0002:0000939c 00000014H .idata$3                DATA
 0002:000093b0 000004a0H .idata$4                DATA
 0002:00009850 00000adaH .idata$6                DATA
 0002:0000a330 00000058H .edata                  DATA
 0003:00000000 00002db8H .data                   DATA
 0003:00002dc0 00002418H .bss                    DATA
 0004:00000000 00003264H .pdata                  DATA

  Address         Publics by Value              Rva+Base               Lib:Object

 0000:00000000       ___safe_se_handler_count   0000000000000000     <absolute>
 0000:00000000       ___safe_se_handler_table   0000000000000000     <absolute>
 0000:00000000       __ImageBase                0000000180000000     <linker-defined>
 0001:00000000       sf_c2_quadtestmodel_get_eml_resolved_functions_info 0000000180001000 f   c2_quadtestmodel.obj
 0001:000015f0       sf_c2_quadtestmodel_get_check_sum 00000001800025f0 f   c2_quadtestmodel.obj
 0001:00001670       sf_c2_quadtestmodel_get_autoinheritance_info 0000000180002670 f   c2_quadtestmodel.obj
 0001:00001e60       sf_c2_quadtestmodel_third_party_uses_info 0000000180002e60 f   c2_quadtestmodel.obj
 0001:00001e90       sf_internal_get_sim_state_c2_quadtestmodel 0000000180002e90 f   c2_quadtestmodel.obj
 0001:000026d0       sf_internal_set_sim_state_c2_quadtestmodel 00000001800036d0 f   c2_quadtestmodel.obj
 0001:000032f0       c2_quadtestmodel_method_dispatcher 00000001800042f0 f   c2_quadtestmodel.obj
 0001:00009bd0       sf_process_check_sum_call  000000018000abd0 f   quadtestmodel_sfun_registry.obj
 0001:00009c20       sf_process_autoinheritance_call 000000018000ac20 f   quadtestmodel_sfun_registry.obj
 0001:00009dc0       sf_process_get_third_party_uses_info_call 000000018000adc0 f   quadtestmodel_sfun_registry.obj
 0001:00009f60       sf_process_get_eml_resolved_functions_info_call 000000018000af60 f   quadtestmodel_sfun_registry.obj
 0001:0000a0e0       sf_mex_unlock_call         000000018000b0e0 f   quadtestmodel_sfun_registry.obj
 0001:0000a190       sf_machine_global_initializer_called 000000018000b190 f   quadtestmodel_sfun_registry.obj
 0001:0000a1c0       sf_machine_global_method_dispatcher 000000018000b1c0 f   quadtestmodel_sfun_registry.obj
 0001:0000a220       sf_machine_global_terminator 000000018000b220 f   quadtestmodel_sfun_registry.obj
 0001:0000a270       sf_register_machine_exported_symbols 000000018000b270 f   quadtestmodel_sfun_registry.obj
 0001:0000a290       callCustomFcn              000000018000b290 f   quadtestmodel_sfun_registry.obj
 0001:0000a2a0       sf_machine_global_initializer 000000018000b2a0 f   quadtestmodel_sfun_registry.obj
 0001:0000a320       _ssSetStateAbsTol          000000018000b320 f   quadtestmodel_sfun_registry.obj
 0001:0000a400       _ssGetAbsTol               000000018000b400 f   quadtestmodel_sfun_registry.obj
 0001:0000a470       _ssSetInputPortMatrixDimensions 000000018000b470 f   quadtestmodel_sfun_registry.obj
 0001:0000a580       _ssSetOutputPortMatrixDimensions 000000018000b580 f   quadtestmodel_sfun_registry.obj
 0001:0000a690       _ssSetInputPortVectorDimension 000000018000b690 f   quadtestmodel_sfun_registry.obj
 0001:0000a760       _ssSetOutputPortVectorDimension 000000018000b760 f   quadtestmodel_sfun_registry.obj
 0001:0000a830       ssIsRunTimeParamTunable    000000018000b830 f   quadtestmodel_sfun_registry.obj
 0001:0000a8a0       ssGetSFuncBlockHandle      000000018000b8a0 f   quadtestmodel_sfun_registry.obj
 0001:0000a910       _ssGetCurrentInputPortWidth 000000018000b910 f   quadtestmodel_sfun_registry.obj
 0001:0000aa30       _ssGetCurrentOutputPortWidth 000000018000ba30 f   quadtestmodel_sfun_registry.obj
 0001:0000ab50       _ssGetCallSystemNumFcnCallDestinations 000000018000bb50 f   quadtestmodel_sfun_registry.obj
 0001:0000abc0       ssWarning                  000000018000bbc0 f   quadtestmodel_sfun_registry.obj
 0001:0000acd0       ssGetIsZeroCrossControlDisabled 000000018000bcd0 f   quadtestmodel_sfun_registry.obj
 0001:0000ad40       ssSetIsInputPortUsedForContZcSignal 000000018000bd40 f   quadtestmodel_sfun_registry.obj
 0001:0000adb0       ssSetZcSignalIsZcElementDisc 000000018000bdb0 f   quadtestmodel_sfun_registry.obj
 0001:0000ae60       ssSetZcSignalName          000000018000be60 f   quadtestmodel_sfun_registry.obj
 0001:0000aed0       ssSetZcSignalWidth         000000018000bed0 f   quadtestmodel_sfun_registry.obj
 0001:0000af40       ssSetZcSignalZcEventType   000000018000bf40 f   quadtestmodel_sfun_registry.obj
 0001:0000afb0       ssSetZcSignalType          000000018000bfb0 f   quadtestmodel_sfun_registry.obj
 0001:0000b020       ssSetZcSignalZcTol         000000018000c020 f   quadtestmodel_sfun_registry.obj
 0001:0000b090       ssSetZcSignalNeedsEventNotification 000000018000c090 f   quadtestmodel_sfun_registry.obj
 0001:0000b100       ssCreateAndAddZcSignalInfo 000000018000c100 f   quadtestmodel_sfun_registry.obj
 0001:0000b170       ssCloneAndAddZcSignalInfo  000000018000c170 f   quadtestmodel_sfun_registry.obj
 0001:0000b1e0       ssGetNumZcSignals          000000018000c1e0 f   quadtestmodel_sfun_registry.obj
 0001:0000b250       ssGetZcSignalVector        000000018000c250 f   quadtestmodel_sfun_registry.obj
 0001:0000b2c0       ssGetZcSignalZcEvents      000000018000c2c0 f   quadtestmodel_sfun_registry.obj
 0001:0000b330       ssGetZcSignalName          000000018000c330 f   quadtestmodel_sfun_registry.obj
 0001:0000b3a0       ssGetZcSignalWidth         000000018000c3a0 f   quadtestmodel_sfun_registry.obj
 0001:0000b410       ssGetZcSignalZcEventType   000000018000c410 f   quadtestmodel_sfun_registry.obj
 0001:0000b480       ssGetZcSignalType          000000018000c480 f   quadtestmodel_sfun_registry.obj
 0001:0000b4f0       ssGetZcSignalZcTol         000000018000c4f0 f   quadtestmodel_sfun_registry.obj
 0001:0000b570       ssGetZcSignalNeedsEventNotification 000000018000c570 f   quadtestmodel_sfun_registry.obj
 0001:0000b5e0       ssGetZcSignalIsZcElementDisc 000000018000c5e0 f   quadtestmodel_sfun_registry.obj
 0001:0000b680       ssGetIsInputPortElementContinuous 000000018000c680 f   quadtestmodel_sfun_registry.obj
 0001:0000b720       _ssGetInputPortSignalPtrsFcn 000000018000c720 f   quadtestmodel_sfun_registry.obj
 0001:0000b9e0       _ssGetInputPortSignalFcn   000000018000c9e0 f   quadtestmodel_sfun_registry.obj
 0001:0000bc00       _ssSetInputPortDirectFeedThroughFcn 000000018000cc00 f   quadtestmodel_sfun_registry.obj
 0001:0000bd60       _ssSetInputPortReusableFcn 000000018000cd60 f   quadtestmodel_sfun_registry.obj
 0001:0000be50       _ssSetOutputPortReusableFcn 000000018000ce50 f   quadtestmodel_sfun_registry.obj
 0001:0000bf30       ssGetDTypeIdFromMxArray    000000018000cf30 f   quadtestmodel_sfun_registry.obj
 0001:0000c050       ssWriteRTWStr              000000018000d050 f   quadtestmodel_sfun_registry.obj
 0001:0000c0b0       ssWriteRTWMxVectParam      000000018000d0b0 f   quadtestmodel_sfun_registry.obj
 0001:0000c110       ssWriteRTWMx2dMatParam     000000018000d110 f   quadtestmodel_sfun_registry.obj
 0001:0000c190       ssWriteRTWNameValuePair    000000018000d190 f   quadtestmodel_sfun_registry.obj
 0001:0000c680       ssWriteRTWParameters       000000018000d680 f   quadtestmodel_sfun_registry.obj
 0001:0000cc80       ssWriteRTWParamSettings    000000018000dc80 f   quadtestmodel_sfun_registry.obj
 0001:0000d350       ssWriteRTWWorkVect         000000018000e350 f   quadtestmodel_sfun_registry.obj
 0001:0000d850       mexFunction                000000018000e850 f   quadtestmodel_sfun_registry.obj
 0001:0000f580       ProcessMexSfunctionEveryCall 0000000180010580 f   quadtestmodel_sfun_registry.obj
 0001:0000f6f0       quadtestmodel_initializer  00000001800106f0 f   quadtestmodel_sfun.obj
 0001:0000f700       quadtestmodel_terminator   0000000180010700 f   quadtestmodel_sfun.obj
 0001:0000f710       sf_quadtestmodel_method_dispatcher 0000000180010710 f   quadtestmodel_sfun.obj
 0001:0000f760       sf_quadtestmodel_process_check_sum_call 0000000180010760 f   quadtestmodel_sfun.obj
 0001:0000fb70       sf_quadtestmodel_autoinheritance_info 0000000180010b70 f   quadtestmodel_sfun.obj
 0001:0000fce0       sf_quadtestmodel_get_eml_resolved_functions_info 0000000180010ce0 f   quadtestmodel_sfun.obj
 0001:0000fe10       sf_quadtestmodel_third_party_uses_info 0000000180010e10 f   quadtestmodel_sfun.obj
 0001:0000ff60       quadtestmodel_debug_initialize 0000000180010f60 f   quadtestmodel_sfun.obj
 0001:0000ffe0       quadtestmodel_register_exported_symbols 0000000180010fe0 f   quadtestmodel_sfun.obj
 0001:0000fff0       load_quadtestmodel_optimization_info 0000000180010ff0 f   quadtestmodel_sfun.obj
 0001:00010040       unload_quadtestmodel_optimization_info 0000000180011040 f   quadtestmodel_sfun.obj
 0001:00010160       sf_mex_mx_is_numeric       0000000180011160 f   sfc_mex:sfc_mex.obj
 0001:000101a0       strcmp_ignore_ws           00000001800111a0 f   sfc_mex:sfc_mex.obj
 0001:000102e0       sf_mex_duplicatearraysafe  00000001800112e0 f   sfc_mex:sfc_mex.obj
 0001:00010440       sf_set_error_debugger_context_message_fcn 0000000180011440 f   sfc_mex:sfc_mex.obj
 0001:00010450       sf_set_debugger_matlab_error_fcn 0000000180011450 f   sfc_mex:sfc_mex.obj
 0001:00010490       sf_set_error_prefix_string 0000000180011490 f   sfc_mex:sfc_mex.obj
 0001:000104c0       sf_get_error_prefix_string 00000001800114c0 f   sfc_mex:sfc_mex.obj
 0001:000104d0       sf_mex_enter_parallel_region 00000001800114d0 f   sfc_mex:sfc_mex.obj
 0001:000104e0       sf_mex_exit_parallel_region 00000001800114e0 f   sfc_mex:sfc_mex.obj
 0001:000104f0       sf_get_current_jmp_buf_ptr 00000001800114f0 f   sfc_mex:sfc_mex.obj
 0001:00010500       sf_set_current_jmp_buf_ptr 0000000180011500 f   sfc_mex:sfc_mex.obj
 0001:00010510       sf_mex_set_halt_simulation 0000000180011510 f   sfc_mex:sfc_mex.obj
 0001:00010520       sf_mex_get_halt_simulation 0000000180011520 f   sfc_mex:sfc_mex.obj
 0001:00010530       sf_mex_clear_error_message 0000000180011530 f   sfc_mex:sfc_mex.obj
 0001:00010550       sf_mex_get_error_message_for_read 0000000180011550 f   sfc_mex:sfc_mex.obj
 0001:00010560       sf_mex_get_error_message_buffer_length 0000000180011560 f   sfc_mex:sfc_mex.obj
 0001:00010640       sf_mex_warning_message     0000000180011640 f   sfc_mex:sfc_mex.obj
 0001:000106b0       sf_mex_v_errbuf_createf    00000001800116b0 f   sfc_mex:sfc_mex.obj
 0001:000106c0       sf_mex_errbuf_createf      00000001800116c0 f   sfc_mex:sfc_mex.obj
 0001:000106f0       sf_mex_v_errbuf_catf       00000001800116f0 f   sfc_mex:sfc_mex.obj
 0001:00010730       sf_mex_errbuf_catf         0000000180011730 f   sfc_mex:sfc_mex.obj
 0001:00010780       sf_mex_errbuf_copy         0000000180011780 f   sfc_mex:sfc_mex.obj
 0001:00010790       sf_mex_errbuf_clear        0000000180011790 f   sfc_mex:sfc_mex.obj
 0001:000107a0       sf_mex_errbuf_isempty      00000001800117a0 f   sfc_mex:sfc_mex.obj
 0001:000108a0       sf_mex_set_error_status    00000001800118a0 f   sfc_mex:sfc_mex.obj
 0001:000108f0       sf_mex_error_direct_call   00000001800118f0 f   sfc_mex:sfc_mex.obj
 0001:00010910       sf_mex_error_message_no_long_jump 0000000180011910 f   sfc_mex:sfc_mex.obj
 0001:00010930       sf_mex_long_jump_on_error  0000000180011930 f   sfc_mex:sfc_mex.obj
 0001:00010960       sf_mex_call_matlab         0000000180011960 f   sfc_mex:sfc_mex.obj
 0001:00010a80       sf_mex_check_builtin       0000000180011a80 f   sfc_mex:sfc_mex.obj
 0001:00010b20       sf_mex_check_builtin_vs    0000000180011b20 f   sfc_mex:sfc_mex.obj
 0001:00010be0       sf_mex_check_enum          0000000180011be0 f   sfc_mex:sfc_mex.obj
 0001:00010c60       sf_mex_create_enum         0000000180011c60 f   sfc_mex:sfc_mex.obj
 0001:00010cd0       sf_mex_get_enum_element    0000000180011cd0 f   sfc_mex:sfc_mex.obj
 0001:00010ce0       sf_mex_createcellarray     0000000180011ce0 f   sfc_mex:sfc_mex.obj
 0001:00010cf0       sf_mex_setcell             0000000180011cf0 f   sfc_mex:sfc_mex.obj
 0001:00010d00       sf_mex_getcell             0000000180011d00 f   sfc_mex:sfc_mex.obj
 0001:00010d10       sf_mex_dup                 0000000180011d10 f   sfc_mex:sfc_mex.obj
 0001:00010d30       sf_mex_assign              0000000180011d30 f   sfc_mex:sfc_mex.obj
 0001:00010db0       sf_mex_destroy             0000000180011db0 f   sfc_mex:sfc_mex.obj
 0001:00010de0       mx_array_has_fi_type       0000000180011de0 f   sfc_mex:sfc_mex.obj
 0001:00010e10       sf_mex_convert_from_fi     0000000180011e10 f   sfc_mex:sfc_mex.obj
 0001:00010f40       sf_mex_convert_to_double   0000000180011f40 f   sfc_mex:sfc_mex.obj
 0001:00011060       sf_mex_import_fi_vs        0000000180012060 f   sfc_mex:sfc_mex.obj
 0001:00011290       sf_matrix_matrix_index_ok  0000000180012290 f   sfc_mex:sfc_mex.obj
 0001:00011320       sf_vector_vector_index_ok  0000000180012320 f   sfc_mex:sfc_mex.obj
 0001:00011350       ssGetCurrentInputPortDimensions_wrapper 0000000180012350 f   sfc_mex:sfc_mex.obj
 0001:00011370       ssGetCurrentOutputPortDimensions_wrapper 0000000180012370 f   sfc_mex:sfc_mex.obj
 0001:00011390       sf_mex_emlrt_context_is_debug_mode 0000000180012390 f   sfc_mex:sfc_mex.obj
 0001:000113a0       sf_mex_emlrt_context_set_debug_mode 00000001800123a0 f   sfc_mex:sfc_mex.obj
 0001:000113b0       sf_mex_emlrtNameCapturePostProcessR2012a 00000001800123b0 f   sfc_mex:sfc_mex.obj
 0001:00011420       sf_clear_error_manager_info 0000000180012420 f   sfc_mex:sfc_mex.obj
 0001:00011480       sf_mex_stop_simulation_abruptly_wo_error 0000000180012480 f   sfc_mex:sfc_mex.obj
 0001:000114c0       sf_mex_error_message       00000001800124c0 f   sfc_mex:sfc_mex.obj
 0001:00011530       sf_react_to_error_in_matlab_call 0000000180012530 f   sfc_mex:sfc_mex.obj
 0001:00011560       sf_mex_addfield            0000000180012560 f   sfc_mex:sfc_mex.obj
 0001:00011600       sf_mex_getfield            0000000180012600 f   sfc_mex:sfc_mex.obj
 0001:00011900       sf_mex_check_class         0000000180012900 f   sfc_mex:sfc_mex.obj
 0001:000119a0       sf_mex_is_real             00000001800129a0 f   sfc_mex:sfc_mex.obj
 0001:00011e10       sf_mex_decode_encoded_mx_struct_array 0000000180012e10 f   sfc_mex:sfc_mex.obj
 0001:00012100       sf_mex_lw_bounds_check     0000000180013100 f   sfc_mex:sfc_mex.obj
 0001:00012130       sf_mex_lw_size_eq_check_1d 0000000180013130 f   sfc_mex:sfc_mex.obj
 0001:00012150       sf_mex_lw_size_eq_check_nd 0000000180013150 f   sfc_mex:sfc_mex.obj
 0001:00012330       sf_mex_lw_dim_size_eq_check 0000000180013330 f   sfc_mex:sfc_mex.obj
 0001:00012360       sf_mex_lw_dim_size_geq_check 0000000180013360 f   sfc_mex:sfc_mex.obj
 0001:00012390       sf_mex_lw_sub_assign_size_check_nd 0000000180013390 f   sfc_mex:sfc_mex.obj
 0001:00012560       sf_mex_lw_runtime_error_msgid 0000000180013560 f   sfc_mex:sfc_mex.obj
 0001:00012650       sf_mex_lw_matrix_matrix_index_check 0000000180013650 f   sfc_mex:sfc_mex.obj
 0001:00012670       sf_mex_lw_vector_vector_index_check 0000000180013670 f   sfc_mex:sfc_mex.obj
 0001:000126b0       sf_mex_lw_for_loop_vector_check 00000001800136b0 f   sfc_mex:sfc_mex.obj
 0001:00012740       sf_mex_lw_non_negative_check 0000000180013740 f   sfc_mex:sfc_mex.obj
 0001:00012780       sf_mex_overflow_error      0000000180013780 f   sfc_mex:sfc_mex.obj
 0001:00012790       sf_mex_dividebyzero_error  0000000180013790 f   sfc_mex:sfc_mex.obj
 0001:000127a0       sf_mex_unsafe_enum_error   00000001800137a0 f   sfc_mex:sfc_mex.obj
 0001:000127b0       sf_emlrtErrHandler         00000001800137b0 f   sfc_mex:sfc_mex.obj
 0001:00012890       sf_mex_size_one_check      0000000180013890 f   sfc_mex:sfc_mex.obj
 0001:000128b0       sf_mex_printf              00000001800138b0 f   sfc_mex:sfc_mex.obj
 0001:00012a80       sf_mex_check_size          0000000180013a80 f   sfc_mex:sfc_mex.obj
 0001:00012d20       sf_mex_check_struct        0000000180013d20 f   sfc_mex:sfc_mex.obj
 0001:00012f80       sf_mex_check_struct_vs     0000000180013f80 f   sfc_mex:sfc_mex.obj
 0001:00013010       sf_mex_check_fi            0000000180014010 f   sfc_mex:sfc_mex.obj
 0001:00013110       sf_mex_check_fi_vs         0000000180014110 f   sfc_mex:sfc_mex.obj
 0001:000131b0       sf_echo_expression         00000001800141b0 f   sfc_mex:sfc_mex.obj
 0001:00013210       sf_assertion_failed        0000000180014210 f   sfc_mex:sfc_mex.obj
 0001:000134f0       sf_mex_evalin              00000001800144f0 f   sfc_mex:sfc_mex.obj
 0001:00013760       sf_mex_export              0000000180014760 f   sfc_mex:sfc_mex.obj
 0001:00013820       sf_mex_get_ml_var_no_error 0000000180014820 f   sfc_mex:sfc_mex.obj
 0001:000139c0       sf_mex_get_ml_var          00000001800149c0 f   sfc_mex:sfc_mex.obj
 0001:00013e50       ml_set_element_value_in_array 0000000180014e50 f   sfc_mex:sfc_mex.obj
 0001:00014f10       sf_mex_call_impl           0000000180015f10 f   sfc_mex:sfc_mex.obj
 0001:00015330       sf_mex_call_debug          0000000180016330 f   sfc_mex:sfc_mex.obj
 0001:00015360       sf_mex_call                0000000180016360 f   sfc_mex:sfc_mex.obj
 0001:000159b0       sf_mex_createstruct        00000001800169b0 f   sfc_mex:sfc_mex.obj
 0001:00015ac0       sf_mex_createstructarray   0000000180016ac0 f   sfc_mex:sfc_mex.obj
 0001:00015b40       sf_mex_get_mx_datatype_from_sf_datatype 0000000180016b40 f   sfc_mex:sfc_mex.obj
 0001:00015e50       sf_mex_ml_var_sub          0000000180016e50 f   sfc_mex:sfc_mex.obj
 0001:00016030       sf_mex_ml_var_subsasgn     0000000180017030 f   sfc_mex:sfc_mex.obj
 0001:00016430       sf_mex_sub                 0000000180017430 f   sfc_mex:sfc_mex.obj
 0001:00016640       sf_mex_subsasgn            0000000180017640 f   sfc_mex:sfc_mex.obj
 0001:00016b50       sf_mex_create              0000000180017b50 f   sfc_mex:sfc_mex.obj
 0001:000174f0       sf_mex_import_named        00000001800184f0 f   sfc_mex:sfc_mex.obj
 0001:00017550       sf_mex_import              0000000180018550 f   sfc_mex:sfc_mex.obj
 0001:000175a0       sf_mex_import_vs           00000001800185a0 f   sfc_mex:sfc_mex.obj
 0001:000176b0       sf_mex_lower_fixpt_mx_array 00000001800186b0 f   sfc_mex:sfc_mex.obj
 0001:000179b0       sf_send_message_wrapper    00000001800189b0 f   sfc_mex:sfc_sf.obj
 0001:000179e0       sf_receive_message_wrapper 00000001800189e0 f   sfc_mex:sfc_sf.obj
 0001:00017a20       sf_check_out_message_wrapper 0000000180018a20 f   sfc_mex:sfc_sf.obj
 0001:00017a60       sf_check_in_message_wrapper 0000000180018a60 f   sfc_mex:sfc_sf.obj
 0001:00017aa0       sf_no_message_wrapper      0000000180018aa0 f   sfc_mex:sfc_sf.obj
 0001:00017e30       sim_mode_is_rtw_gen        0000000180018e30 f   sfc_mex:sfc_sf.obj
 0001:00017e60       sim_mode_is_external       0000000180018e60 f   sfc_mex:sfc_sf.obj
 0001:00017e70       sim_mode_is_modelref_sim   0000000180018e70 f   sfc_mex:sfc_sf.obj
 0001:00017e90       mdlInitializeSizes         0000000180018e90 f   sfc_mex:sfc_sf.obj
 0001:00017eb0       mdlInitializeSampleTimes   0000000180018eb0 f   sfc_mex:sfc_sf.obj
 0001:00017ef0       mdlZeroCrossings           0000000180018ef0 f   sfc_mex:sfc_sf.obj
 0001:00017fe0       mdlDerivatives             0000000180018fe0 f   sfc_mex:sfc_sf.obj
 0001:000180a0       mdl_initialize_conditions_processing 00000001800190a0 f   sfc_mex:sfc_sf.obj
 0001:000180d0       mdlInitializeConditions    00000001800190d0 f   sfc_mex:sfc_sf.obj
 0001:00018190       mdlGetSimState             0000000180019190 f   sfc_mex:sfc_sf.obj
 0001:000181a0       mdlSetSimState             00000001800191a0 f   sfc_mex:sfc_sf.obj
 0001:000181b0       mdl_ext_mode_exec_processing 00000001800191b0 f   sfc_mex:sfc_sf.obj
 0001:000181d0       mdlExtModeExec             00000001800191d0 f   sfc_mex:sfc_sf.obj
 0001:00018370       mdlTerminate               0000000180019370 f   sfc_mex:sfc_sf.obj
 0001:000183e0       mdlRTW                     00000001800193e0 f   sfc_mex:sfc_sf.obj
 0001:00018410       mdlSetWorkWidths           0000000180019410 f   sfc_mex:sfc_sf.obj
 0001:00018420       mdlProcessParameters       0000000180019420 f   sfc_mex:sfc_sf.obj
 0001:00018430       mdl_start_processing       0000000180019430 f   sfc_mex:sfc_sf.obj
 0001:00018490       mdlStart                   0000000180019490 f   sfc_mex:sfc_sf.obj
 0001:000185a0       mdlEnable                  00000001800195a0 f   sfc_mex:sfc_sf.obj
 0001:00018680       mdlDisable                 0000000180019680 f   sfc_mex:sfc_sf.obj
 0001:00018740       sf_get_chart_instance_ptr  0000000180019740 f   sfc_mex:sfc_sf.obj
 0001:00018760       sf_load_rtw_optimization_info 0000000180019760 f   sfc_mex:sfc_sf.obj
 0001:00018830       sf_update_buildInfo        0000000180019830 f   sfc_mex:sfc_sf.obj
 0001:00018930       sf_rtw_info_uint_prop      0000000180019930 f   sfc_mex:sfc_sf.obj
 0001:00018a70       sf_is_chart_inlinable      0000000180019a70 f   sfc_mex:sfc_sf.obj
 0001:00018a90       sf_mark_output_events_with_multiple_callers 0000000180019a90 f   sfc_mex:sfc_sf.obj
 0001:00018c20       sf_mark_chart_reusable_outputs 0000000180019c20 f   sfc_mex:sfc_sf.obj
 0001:00018e80       sf_mark_chart_expressionable_inputs 0000000180019e80 f   sfc_mex:sfc_sf.obj
 0001:000190e0       sf_get_subchart_simstruct  000000018001a0e0 f   sfc_mex:sfc_sf.obj
 0001:00019130       sf_get_fixpt_data_type_id  000000018001a130 f   sfc_mex:sfc_sf.obj
 0001:00019170       sf_get_enum_data_type_id   000000018001a170 f   sfc_mex:sfc_sf.obj
 0001:000191b0       sf_get_param_data_type_id  000000018001a1b0 f   sfc_mex:sfc_sf.obj
 0001:000191e0       sf_mex_listen_for_ctrl_c_force 000000018001a1e0 f   sfc_mex:sfc_sf.obj
 0001:000192f0       sf_mex_draw_now            000000018001a2f0 f   sfc_mex:sfc_sf.obj
 0001:00019330       sf_mex_set_debugger_sim_status_listener_fcn 000000018001a330 f   sfc_mex:sfc_sf.obj
 0001:00019340       sf_mex_listen_for_ctrl_c   000000018001a340 f   sfc_mex:sfc_sf.obj
 0001:000193e0       sf_mex_get_sfun_param      000000018001a3e0 f   sfc_mex:sfc_sf.obj
 0001:00019430       sf_get_runtime_param_data  000000018001a430 f   sfc_mex:sfc_sf.obj
 0001:00019470       sf_call_output_fcn_call    000000018001a470 f   sfc_mex:sfc_sf.obj
 0001:000195b0       sf_call_output_fcn_enable  000000018001a5b0 f   sfc_mex:sfc_sf.obj
 0001:00019640       sf_call_output_fcn_disable 000000018001a640 f   sfc_mex:sfc_sf.obj
 0001:000196d0       sf_clear_rtw_identifier    000000018001a6d0 f   sfc_mex:sfc_sf.obj
 0001:00019ef0       sf_set_encoded_dwork_info  000000018001aef0 f   sfc_mex:sfc_sf.obj
 0001:00019f40       sf_get_dwork_info_from_mat_file 000000018001af40 f   sfc_mex:sfc_sf.obj
 0001:0001a100       sf_set_rtw_dwork_info      000000018001b100 f   sfc_mex:sfc_sf.obj
 0001:0001a270       mdlOutputs                 000000018001b270 f   sfc_mex:sfc_sf.obj
 0001:0001a390       sf_debug_chart_instance_initialized_quick 000000018001b390 f   sfc_debug:sfcdebug.obj
 0001:0001a410       sf_debug_disp              000000018001b410 f   sfc_debug:sfcdebug.obj
 0001:0001a6e0       sf_debug_data_runtime_size_mismatch_error_check 000000018001b6e0 f   sfc_debug:sfcdebug.obj
 0001:0001a790       sf_debug_try_loading_machine 000000018001b790 f   sfc_debug:sfcdebug.obj
 0001:0001a890       sf_debug_reset_current_state_configuration 000000018001b890 f   sfc_debug:sfcdebug.obj
 0001:0001a910       sf_debug_store_current_state_configuration 000000018001b910 f   sfc_debug:sfcdebug.obj
 0001:0001a990       sf_debug_restore_previous_state_configuration 000000018001b990 f   sfc_debug:sfcdebug.obj
 0001:0001aa10       sf_debug_restore_previous_state_configuration2 000000018001ba10 f   sfc_debug:sfcdebug.obj
 0001:0001aa90       sf_debug_get_event_scope   000000018001ba90 f   sfc_debug:sfcdebug.obj
 0001:0001ac00       use_debugger_step_animation 000000018001bc00 f   sfc_debug:sfcdebug.obj
 0001:0001ac20       sf_debug_get_script_id     000000018001bc20 f   sfc_debug:sfcdebug.obj
 0001:0001acb0       sf_debug_set_script_translation 000000018001bcb0 f   sfc_debug:sfcdebug.obj
 0001:0001ae30       sf_debug_extract_message_post_receive_info 000000018001be30 f   sfc_debug:sfcdebug.obj
 0001:0001aff0       sf_debug_get_current_machine_id 000000018001bff0 f   sfc_debug:sfcdebug.obj
 0001:0001b010       sf_debug_get_current_optional_integer 000000018001c010 f   sfc_debug:sfcdebug.obj
 0001:0001b020       sf_debug_get_current_machine_number 000000018001c020 f   sfc_debug:sfcdebug.obj
 0001:0001b040       sf_debug_get_current_machine_name 000000018001c040 f   sfc_debug:sfcdebug.obj
 0001:0001b060       sf_debug_get_current_chart_id 000000018001c060 f   sfc_debug:sfcdebug.obj
 0001:0001b0a0       sf_debug_get_current_chart_number 000000018001c0a0 f   sfc_debug:sfcdebug.obj
 0001:0001b0b0       sf_debug_get_current_instance_number 000000018001c0b0 f   sfc_debug:sfcdebug.obj
 0001:0001b0c0       sf_debug_get_current_is_minor_time_step 000000018001c0c0 f   sfc_debug:sfcdebug.obj
 0001:0001b140       sf_debug_get_current_object_type 000000018001c140 f   sfc_debug:sfcdebug.obj
 0001:0001b150       sf_debug_get_current_instance_handle 000000018001c150 f   sfc_debug:sfcdebug.obj
 0001:0001b1b0       sf_debug_get_current_event_type 000000018001c1b0 f   sfc_debug:sfcdebug.obj
 0001:0001b1c0       sf_debug_get_current_object_id 000000018001c1c0 f   sfc_debug:sfcdebug.obj
 0001:0001b200       sf_debug_get_current_active_event_type 000000018001c200 f   sfc_debug:sfcdebug.obj
 0001:0001b210       sf_debug_get_current_active_event_id 000000018001c210 f   sfc_debug:sfcdebug.obj
 0001:0001b250       sf_debug_get_current_tag_type 000000018001c250 f   sfc_debug:sfcdebug.obj
 0001:0001b260       sf_debug_get_current_simulation_time 000000018001c260 f   sfc_debug:sfcdebug.obj
 0001:0001b270       sf_debug_get_current_coverage_percentage 000000018001c270 f   sfc_debug:sfcdebug.obj
 0001:0001b280       sf_debug_current_statement_context 000000018001c280 f   sfc_debug:sfcdebug.obj
 0001:0001b300       sf_debug_get_current_statement_info 000000018001c300 f   sfc_debug:sfcdebug.obj
 0001:0001b4a0       sf_debug_terminate_instance 000000018001c4a0 f   sfc_debug:sfcdebug.obj
 0001:0001b7c0       sf_debug_assertion_failed  000000018001c7c0 f   sfc_debug:sfcdebug.obj
 0001:0001b990       sf_debug_create_debug_instance_struct 000000018001c990 f   sfc_debug:sfcdebug.obj
 0001:0001b9e0       sf_debug_set_number_of_data_with_change_event_for_machine 000000018001c9e0 f   sfc_debug:sfcdebug.obj
 0001:0001ba30       sf_debug_set_machine_event_thresholds 000000018001ca30 f   sfc_debug:sfcdebug.obj
 0001:0001ba50       sf_debug_set_machine_event_scope 000000018001ca50 f   sfc_debug:sfcdebug.obj
 0001:0001baa0       sf_debug_set_machine_data_thresholds 000000018001caa0 f   sfc_debug:sfcdebug.obj
 0001:0001baf0       sf_debug_set_machine_data_scope 000000018001caf0 f   sfc_debug:sfcdebug.obj
 0001:0001bb90       sf_debug_set_machine_data_name 000000018001cb90 f   sfc_debug:sfcdebug.obj
 0001:0001bc40       sf_debug_set_machine_data_size 000000018001cc40 f   sfc_debug:sfcdebug.obj
 0001:0001bd90       sf_debug_set_machine_data_type 000000018001cd90 f   sfc_debug:sfcdebug.obj
 0001:0001bf00       sf_debug_get_chart_data_number 000000018001cf00 f   sfc_debug:sfcdebug.obj
 0001:0001bf20       sf_debug_get_chart_event_number 000000018001cf20 f   sfc_debug:sfcdebug.obj
 0001:0001bf40       sf_debug_set_chart_state_info 000000018001cf40 f   sfc_debug:sfcdebug.obj
 0001:0001bfd0       sf_debug_set_chart_decomposition 000000018001cfd0 f   sfc_debug:sfcdebug.obj
 0001:0001c040       sf_debug_set_chart_substate_count 000000018001d040 f   sfc_debug:sfcdebug.obj
 0001:0001c120       sf_debug_set_chart_substate_index 000000018001d120 f   sfc_debug:sfcdebug.obj
 0001:0001c1a0       sf_debug_set_chart_state_substate_count 000000018001d1a0 f   sfc_debug:sfcdebug.obj
 0001:0001c2c0       sf_debug_set_chart_state_substate_index 000000018001d2c0 f   sfc_debug:sfcdebug.obj
 0001:0001c350       sf_debug_set_number_of_data_with_change_event_for_chart 000000018001d350 f   sfc_debug:sfcdebug.obj
 0001:0001c3e0       sf_debug_set_number_of_states_with_entry_event_for_chart 000000018001d3e0 f   sfc_debug:sfcdebug.obj
 0001:0001c460       sf_debug_set_number_of_states_with_exit_event_for_chart 000000018001d460 f   sfc_debug:sfcdebug.obj
 0001:0001c4e0       sf_debug_set_chart_disable_implicit_casting 000000018001d4e0 f   sfc_debug:sfcdebug.obj
 0001:0001c550       sf_debug_set_chart_event_thresholds 000000018001d550 f   sfc_debug:sfcdebug.obj
 0001:0001c5d0       sf_debug_set_chart_data_compiled_props 000000018001d5d0 f   sfc_debug:sfcdebug.obj
 0001:0001c910       sf_debug_set_chart_data_props 000000018001d910 f   sfc_debug:sfcdebug.obj
 0001:0001cc30       sf_debug_check_fi_license  000000018001dc30 f   sfc_debug:sfcdebug.obj
 0001:0001cdf0       sf_debug_symbol_scope_push 000000018001ddf0 f   sfc_debug:sfcdebug.obj
 0001:0001ce30       sf_debug_symbol_scope_push_eml 000000018001de30 f   sfc_debug:sfcdebug.obj
 0001:0001ce80       sf_debug_symbol_scope_pop  000000018001de80 f   sfc_debug:sfcdebug.obj
 0001:0001cec0       sf_debug_symbol_scope_add_importable 000000018001dec0 f   sfc_debug:sfcdebug.obj
 0001:0001cf40       sf_debug_symbol_scope_add  000000018001df40 f   sfc_debug:sfcdebug.obj
 0001:0001cfc0       sf_debug_symbol_scope_add_dyn_importable 000000018001dfc0 f   sfc_debug:sfcdebug.obj
 0001:0001d080       sf_debug_symbol_scope_add_dyn 000000018001e080 f   sfc_debug:sfcdebug.obj
 0001:0001d0c0       sf_debug_symbol_scope_add_eml_importable 000000018001e0c0 f   sfc_debug:sfcdebug.obj
 0001:0001d100       sf_debug_symbol_scope_add_eml 000000018001e100 f   sfc_debug:sfcdebug.obj
 0001:0001d140       sf_debug_symbol_scope_add_eml_dyn_importable 000000018001e140 f   sfc_debug:sfcdebug.obj
 0001:0001d1a0       sf_debug_symbol_scope_add_eml_dyn 000000018001e1a0 f   sfc_debug:sfcdebug.obj
 0001:0001d200       sf_debug_symbol_switch     000000018001e200 f   sfc_debug:sfcdebug.obj
 0001:0001d220       sf_debug_symbol_scope_add_verbose 000000018001e220 f   sfc_debug:sfcdebug.obj
 0001:0001d2f0       sf_debug_set_machine_data_value_ptr 000000018001e2f0 f   sfc_debug:sfcdebug.obj
 0001:0001d330       sf_debug_set_instance_data_value_ptr 000000018001e330 f   sfc_debug:sfcdebug.obj
 0001:0001d400       sf_debug_unset_instance_data_value_ptr 000000018001e400 f   sfc_debug:sfcdebug.obj
 0001:0001d4b0       sf_debug_set_chart_event_scope 000000018001e4b0 f   sfc_debug:sfcdebug.obj
 0001:0001d530       sf_debug_set_chart_transition_coverage_maps 000000018001e530 f   sfc_debug:sfcdebug.obj
 0001:0001d630       sf_debug_set_chart_state_coverage_maps 000000018001e630 f   sfc_debug:sfcdebug.obj
 0001:0001d700       sf_debug_set_instance_transition_coverage_weights 000000018001e700 f   sfc_debug:sfcdebug.obj
 0001:0001d790       sf_debug_set_instance_state_coverage_weights 000000018001e790 f   sfc_debug:sfcdebug.obj
 0001:0001d9e0       sf_debug_unload_machine    000000018001e9e0 f   sfc_debug:sfcdebug.obj
 0001:0001da30       sf_debug_load_machine      000000018001ea30 f   sfc_debug:sfcdebug.obj
 0001:0001db40       sf_debug_set_active_instance_in_data_dictionary 000000018001eb40 f   sfc_debug:sfcdebug.obj
 0001:0001dd20       sf_debug_set_active_instance 000000018001ed20 f   sfc_debug:sfcdebug.obj
 0001:0001de80       sf_debug_chart_visiblity_change 000000018001ee80 f   sfc_debug:sfcdebug.obj
 0001:0001df70       sf_debug_select_chart      000000018001ef70 f   sfc_debug:sfcdebug.obj
 0001:0001e0d0       sf_debug_set_instance_cv_ids 000000018001f0d0 f   sfc_debug:sfcdebug.obj
 0001:0001e400       sf_debug_select_charts     000000018001f400 f   sfc_debug:sfcdebug.obj
 0001:0001e5b0       sf_debug_initialized       000000018001f5b0 f   sfc_debug:sfcdebug.obj
 0001:0001e5d0       sf_debug_is_uninterruptible 000000018001f5d0 f   sfc_debug:sfcdebug.obj
 0001:0001e600       sf_debug_initialize_debugger_gui 000000018001f600 f   sfc_debug:sfcdebug.obj
 0001:0001e9e0       sf_debug_resume            000000018001f9e0 f   sfc_debug:sfcdebug.obj
 0001:0001ea00       sf_debug_go                000000018001fa00 f   sfc_debug:sfcdebug.obj
 0001:0001ea10       sf_debug_break             000000018001fa10 f   sfc_debug:sfcdebug.obj
 0001:0001ea20       sf_debug_step_over         000000018001fa20 f   sfc_debug:sfcdebug.obj
 0001:0001ea30       sf_debug_step_out          000000018001fa30 f   sfc_debug:sfcdebug.obj
 0001:0001ea40       sf_debug_set_disable_all_breakpoints 000000018001fa40 f   sfc_debug:sfcdebug.obj
 0001:0001ea50       sf_debug_disable_all_breakpoints_and_go 000000018001fa50 f   sfc_debug:sfcdebug.obj
 0001:0001ea60       sf_debug_break_on_chart_entry 000000018001fa60 f   sfc_debug:sfcdebug.obj
 0001:0001ea70       sf_debug_break_on_event_broadcast 000000018001fa70 f   sfc_debug:sfcdebug.obj
 0001:0001ea80       sf_debug_break_on_state_entry 000000018001fa80 f   sfc_debug:sfcdebug.obj
 0001:0001ea90       sf_debug_break_between_times 000000018001fa90 f   sfc_debug:sfcdebug.obj
 0001:0001eab0       sf_debug_browse_data       000000018001fab0 f   sfc_debug:sfcdebug.obj
 0001:0001eac0       sf_debug_watch_data        000000018001fac0 f   sfc_debug:sfcdebug.obj
 0001:0001eaf0       sf_debug_assign_data       000000018001faf0 f   sfc_debug:sfcdebug.obj
 0001:0001eb00       sf_debug_whos              000000018001fb00 f   sfc_debug:sfcdebug.obj
 0001:0001eb20       sf_debug_get_consistency_info 000000018001fb20 f   sfc_debug:sfcdebug.obj
 0001:0001eb30       sf_debug_browse_trace      000000018001fb30 f   sfc_debug:sfcdebug.obj
 0001:0001eb40       sf_debug_set_breakpoints   000000018001fb40 f   sfc_debug:sfcdebug.obj
 0001:0001ecb0       sf_debug_set_eml_breakpoints 000000018001fcb0 f   sfc_debug:sfcdebug.obj
 0001:0001ee10       sf_debug_set_script_breakpoints 000000018001fe10 f   sfc_debug:sfcdebug.obj
 0001:0001ee90       sf_debug_add_script_breakpoints 000000018001fe90 f   sfc_debug:sfcdebug.obj
 0001:0001ef00       sf_debug_clear_script_breakpoints 000000018001ff00 f   sfc_debug:sfcdebug.obj
 0001:0001ef70       sf_debug_query_script_breakpoints 000000018001ff70 f   sfc_debug:sfcdebug.obj
 0001:0001f020       sf_debug_get_eml_script_id 0000000180020020 f   sfc_debug:sfcdebug.obj
 0001:0001f070       sf_debug_set_watch         0000000180020070 f   sfc_debug:sfcdebug.obj
 0001:0001f290       sf_debug_get_instance_handle 0000000180020290 f   sfc_debug:sfcdebug.obj
 0001:0001f320       sf_debug_get_active_states 0000000180020320 f   sfc_debug:sfcdebug.obj
 0001:0001f330       sf_debug_set_honor_breakpoints 0000000180020330 f   sfc_debug:sfcdebug.obj
 0001:0001f340       sf_debug_get_animation     0000000180020340 f   sfc_debug:sfcdebug.obj
 0001:0001f350       sf_debug_set_animation     0000000180020350 f   sfc_debug:sfcdebug.obj
 0001:0001f360       sf_debug_animate           0000000180020360 f   sfc_debug:sfcdebug.obj
 0001:0001f380       sf_debug_cycle_detection_check 0000000180020380 f   sfc_debug:sfcdebug.obj
 0001:0001f390       sf_debug_data_range_check  0000000180020390 f   sfc_debug:sfcdebug.obj
 0001:0001f3a0       sf_debug_transition_conflict_check 00000001800203a0 f   sfc_debug:sfcdebug.obj
 0001:0001f3b0       sf_debug_state_consistency_check 00000001800203b0 f   sfc_debug:sfcdebug.obj
 0001:0001f3c0       sf_debug_data_range_check_enabled 00000001800203c0 f   sfc_debug:sfcdebug.obj
 0001:0001f3e0       sf_debug_transition_conflict_check_enabled 00000001800203e0 f   sfc_debug:sfcdebug.obj
 0001:0001f400       sf_debug_transition_conflict_check_begin 0000000180020400 f   sfc_debug:sfcdebug.obj
 0001:0001f420       sf_debug_transition_conflict_check_end 0000000180020420 f   sfc_debug:sfcdebug.obj
 0001:0001f440       sf_debug_stop_debugging    0000000180020440 f   sfc_debug:sfcdebug.obj
 0001:0001f470       sf_debug_is_cycle_detected 0000000180020470 f   sfc_debug:sfcdebug.obj
 0001:0001f480       sf_debug_is_array_bounds_detected 0000000180020480 f   sfc_debug:sfcdebug.obj
 0001:0001f490       sf_debug_get_state_vectors_data_size 0000000180020490 f   sfc_debug:sfcdebug.obj
 0001:0001f4d0       sf_debug_get_state_vectors_data 00000001800204d0 f   sfc_debug:sfcdebug.obj
 0001:0001f5e0       sf_debug_set_state_vectors_data 00000001800205e0 f   sfc_debug:sfcdebug.obj
 0001:0001f870       sf_debug_get_script_index  0000000180020870 f   sfc_debug:sfcdebug.obj
 0001:0001fa00       sf_debug_add_script        0000000180020a00 f   sfc_debug:sfcdebug.obj
 0001:0001fb90       cv_eval_point              0000000180020b90 f   sfc_debug:sfcdebug.obj
 0001:0001fd00       cv_eval_testobjective      0000000180020d00 f   sfc_debug:sfcdebug.obj
 0001:0001fe10       sf_debug_cv_init_state     0000000180020e10 f   sfc_debug:sfcdebug.obj
 0001:0001ff40       sf_debug_cv_init_chart     0000000180020f40 f   sfc_debug:sfcdebug.obj
 0001:00020030       sf_debug_cv_init_trans     0000000180021030 f   sfc_debug:sfcdebug.obj
 0001:00020140       sf_debug_cv_init_saturation 0000000180021140 f   sfc_debug:sfcdebug.obj
 0001:00020240       sf_debug_cv_init_testobjectives 0000000180021240 f   sfc_debug:sfcdebug.obj
 0001:00020420       cv_eml_init_script         0000000180021420 f   sfc_debug:sfcdebug.obj
 0001:00020540       cv_eml_init_fcn            0000000180021540 f   sfc_debug:sfcdebug.obj
 0001:00020650       cv_eml_init_testobjective  0000000180021650 f   sfc_debug:sfcdebug.obj
 0001:00020730       cv_eml_init_saturation     0000000180021730 f   sfc_debug:sfcdebug.obj
 0001:00020800       cv_eml_init_if             0000000180021800 f   sfc_debug:sfcdebug.obj
 0001:000208e0       cv_eml_init_for            00000001800218e0 f   sfc_debug:sfcdebug.obj
 0001:000209b0       cv_eml_init_while          00000001800219b0 f   sfc_debug:sfcdebug.obj
 0001:00020a80       cv_eml_init_mcdc           0000000180021a80 f   sfc_debug:sfcdebug.obj
 0001:00020ba0       cv_eml_init_switch         0000000180021ba0 f   sfc_debug:sfcdebug.obj
 0001:00020ca0       cv_eml_eval                0000000180021ca0 f   sfc_debug:sfcdebug.obj
 0001:00020d90       sf_debug_bm_is_a_eml_breakpoint 0000000180021d90 f   sfc_debug:sfcdebug.obj
 0001:00020ee0       sf_debug_temporal_threshold 0000000180021ee0 f   sfc_debug:sfcdebug.obj
 0001:00021250       sf_debug_transition_conflict_error 0000000180022250 f   sfc_debug:sfcdebug.obj
 0001:000215b0       sf_debug_state_inconsistency_error 00000001800225b0 f   sfc_debug:sfcdebug.obj
 0001:000216d0       sf_debug_check_for_state_inconsistency 00000001800226d0 f   sfc_debug:sfcdebug.obj
 0001:00021710       sf_debug_cycle_detecton_error 0000000180022710 f   sfc_debug:sfcdebug.obj
 0001:00021e60       sf_debug_size_eq_check_1d  0000000180022e60 f   sfc_debug:sfcdebug.obj
 0001:00021e80       sf_debug_size_eq_check_nd  0000000180022e80 f   sfc_debug:sfcdebug.obj
 0001:00022080       sf_debug_dim_size_eq_check 0000000180023080 f   sfc_debug:sfcdebug.obj
 0001:000220b0       sf_debug_dim_size_geq_check 00000001800230b0 f   sfc_debug:sfcdebug.obj
 0001:000220e0       sf_debug_sub_assign_size_check_nd 00000001800230e0 f   sfc_debug:sfcdebug.obj
 0001:000222c0       sf_debug_matrix_matrix_index_check 00000001800232c0 f   sfc_debug:sfcdebug.obj
 0001:00022310       sf_debug_vector_vector_index_check 0000000180023310 f   sfc_debug:sfcdebug.obj
 0001:00022360       sf_debug_for_loop_vector_check 0000000180023360 f   sfc_debug:sfcdebug.obj
 0001:00022400       sf_debug_runtime_error_msgid 0000000180023400 f   sfc_debug:sfcdebug.obj
 0001:000224a0       sf_debug_data_array_bounds_error_check 00000001800234a0 f   sfc_debug:sfcdebug.obj
 0001:000225b0       sf_debug_eml_data_array_bounds_error_check 00000001800235b0 f   sfc_debug:sfcdebug.obj
 0001:00022a70       sf_debug_integer_check     0000000180023a70 f   sfc_debug:sfcdebug.obj
 0001:00022b60       sf_debug_not_nan_check     0000000180023b60 f   sfc_debug:sfcdebug.obj
 0001:00022c30       sf_debug_non_negative_check 0000000180023c30 f   sfc_debug:sfcdebug.obj
 0001:00022d00       sf_debug_overflow_detection 0000000180023d00 f   sfc_debug:sfcdebug.obj
 0001:00023360       sf_debug_cast_to_real32_T  0000000180024360 f   sfc_debug:sfcdebug.obj
 0001:00023430       sf_debug_cast_to_int8_T    0000000180024430 f   sfc_debug:sfcdebug.obj
 0001:00023500       sf_debug_cast_to_uint8_T   0000000180024500 f   sfc_debug:sfcdebug.obj
 0001:000235d0       sf_debug_cast_to_int16_T   00000001800245d0 f   sfc_debug:sfcdebug.obj
 0001:000236a0       sf_debug_cast_to_uint16_T  00000001800246a0 f   sfc_debug:sfcdebug.obj
 0001:00023770       sf_debug_cast_to_int32_T   0000000180024770 f   sfc_debug:sfcdebug.obj
 0001:00023840       sf_debug_cast_to_uint32_T  0000000180024840 f   sfc_debug:sfcdebug.obj
 0001:00023910       sf_debug_data_range_error  0000000180024910 f   sfc_debug:sfcdebug.obj
 0001:00023c20       sf_debug_read_before_write_check 0000000180024c20 f   sfc_debug:sfcdebug.obj
 0001:00024050       sf_debug_data_range_error_wrapper_min_max 0000000180025050 f   sfc_debug:sfcdebug.obj
 0001:00024170       sf_debug_data_range_error_wrapper_min 0000000180025170 f   sfc_debug:sfcdebug.obj
 0001:00024280       sf_debug_data_range_error_wrapper_max 0000000180025280 f   sfc_debug:sfcdebug.obj
 0001:00024390       sf_debug_data_range_wrapper 0000000180025390 f   sfc_debug:sfcdebug.obj
 0001:00024450       sf_debug_set_current_status_info 0000000180025450 f   sfc_debug:sfcdebug.obj
 0001:000247f0       sf_debug_register_message_post_receive_info 00000001800257f0 f   sfc_debug:sfcdebug.obj
 0001:00024a40       sf_debug_call              0000000180025a40 f   sfc_debug:sfcdebug.obj
 0001:000253a0       sf_debug_initialize_machine 00000001800263a0 f   sfc_debug:sfcdebug.obj
 0001:00025650       sf_debug_initialize_chart  0000000180026650 f   sfc_debug:sfcdebug.obj
 0001:00025aa0       sf_debug_ensure_script     0000000180026aa0 f   sfc_debug:sfcdebug.obj
 0001:00025b50       cv_eval_saturation         0000000180026b50 f   sfc_debug:sfcdebug.obj
 0001:00025cd0       cv_saturation_accum        0000000180026cd0 f   sfc_debug:sfcdebug.obj
 0001:00025e10       cv_script_init_script      0000000180026e10 f   sfc_debug:sfcdebug.obj
 0001:00025f00       cv_script_init_fcn         0000000180026f00 f   sfc_debug:sfcdebug.obj
 0001:00025fc0       cv_script_init_testobjective 0000000180026fc0 f   sfc_debug:sfcdebug.obj
 0001:00026080       cv_script_init_saturation  0000000180027080 f   sfc_debug:sfcdebug.obj
 0001:00026130       cv_script_init_if          0000000180027130 f   sfc_debug:sfcdebug.obj
 0001:000261f0       cv_script_init_for         00000001800271f0 f   sfc_debug:sfcdebug.obj
 0001:000262a0       cv_script_init_while       00000001800272a0 f   sfc_debug:sfcdebug.obj
 0001:00026350       cv_script_init_mcdc        0000000180027350 f   sfc_debug:sfcdebug.obj
 0001:00026450       cv_script_init_switch      0000000180027450 f   sfc_debug:sfcdebug.obj
 0001:00026530       cv_script_eval             0000000180027530 f   sfc_debug:sfcdebug.obj
 0001:00026600       eml_debug_line_call        0000000180027600 f   sfc_debug:sfcdebug.obj
 0001:000267d0       sf_debug_terminate         00000001800277d0 f   sfc_debug:sfcdebug.obj
 0001:000269e0       sf_debug_set_script_cv_ids 00000001800279e0 f   sfc_debug:sfcdebug.obj
 0001:00026b10       sf_debug_api               0000000180027b10 f   sfc_debug:sfc_api.obj
 0001:00028400       sf_debug_sm_terminate      0000000180029400 f   sfc_debug:sfdb_animation.obj
 0001:000285b0       sf_debug_reset_path_objects 00000001800295b0 f   sfc_debug:sfdb_animation.obj
 0001:00028630       sf_debug_sm_reset_object_selection_status 0000000180029630 f   sfc_debug:sfdb_animation.obj
 0001:000286d0       sf_debug_sm_reset_state_buffer 00000001800296d0 f   sfc_debug:sfdb_animation.obj
 0001:000287a0       sf_debug_sm_store_state_buffer 00000001800297a0 f   sfc_debug:sfdb_animation.obj
 0001:00028820       sf_debug_sm_restore_state_buffer1 0000000180029820 f   sfc_debug:sfdb_animation.obj
 0001:00028890       sf_debug_sm_restore_state_buffer2 0000000180029890 f   sfc_debug:sfdb_animation.obj
 0001:00028900       sf_debug_sm_chart_active   0000000180029900 f   sfc_debug:sfdb_animation.obj
 0001:00028950       sf_debug_sm_select_active_objects 0000000180029950 f   sfc_debug:sfdb_animation.obj
 0001:00028e20       sf_debug_sm_is_chart_active 0000000180029e20 f   sfc_debug:sfdb_animation.obj
 0001:00028e60       sf_debug_sm_is_state_active 0000000180029e60 f   sfc_debug:sfdb_animation.obj
 0001:000290a0       sf_debug_sm_get_active_states 000000018002a0a0 f   sfc_debug:sfdb_animation.obj
 0001:00029650       sf_debug_sm_initialize_instance 000000018002a650 f   sfc_debug:sfdb_animation.obj
 0001:00029860       sf_debug_sm_change_object_selection_status 000000018002a860 f   sfc_debug:sfdb_animation.obj
 0001:00029b30       cv_create_interface        000000018002ab30 f   sfc_debug:cv_sfinterface.obj
 0001:00029e40       cv_init_trans              000000018002ae40 f   sfc_debug:cv_sfinterface.obj
 0001:00029e90       cv_init_saturation         000000018002ae90 f   sfc_debug:cv_sfinterface.obj
 0001:00029ed0       cv_init_testobjective      000000018002aed0 f   sfc_debug:cv_sfinterface.obj
 0001:00029f10       cv_init_state              000000018002af10 f   sfc_debug:cv_sfinterface.obj
 0001:00029f80       cv_init_chart              000000018002af80 f   sfc_debug:cv_sfinterface.obj
 0001:00029fd0       cv_dec_update_call         000000018002afd0 f   sfc_debug:cv_sfinterface.obj
 0001:0002a010       cv_cond_update_call        000000018002b010 f   sfc_debug:cv_sfinterface.obj
 0001:0002a050       cv_saturation_update_call  000000018002b050 f   sfc_debug:cv_sfinterface.obj
 0001:0002a090       cv_saturation_update_accum 000000018002b090 f   sfc_debug:cv_sfinterface.obj
 0001:0002a0d0       cv_testobjective_update_call 000000018002b0d0 f   sfc_debug:cv_sfinterface.obj
 0001:0002a110       cv_sigrange_update         000000018002b110 f   sfc_debug:cv_sfinterface.obj
 0001:0002a150       cvsf_eml_eval              000000018002b150 f   sfc_debug:cv_sfinterface.obj
 0001:0002a230       cvsf_eml_init_script       000000018002b230 f   sfc_debug:cv_sfinterface.obj
 0001:0002a2c0       cvsf_eml_init_fcn          000000018002b2c0 f   sfc_debug:cv_sfinterface.obj
 0001:0002a320       cvsf_eml_init_testobjective 000000018002b320 f   sfc_debug:cv_sfinterface.obj
 0001:0002a380       cvsf_eml_init_saturation   000000018002b380 f   sfc_debug:cv_sfinterface.obj
 0001:0002a3d0       cvsf_eml_init_if           000000018002b3d0 f   sfc_debug:cv_sfinterface.obj
 0001:0002a430       cvsf_eml_init_for          000000018002b430 f   sfc_debug:cv_sfinterface.obj
 0001:0002a480       cvsf_eml_init_while        000000018002b480 f   sfc_debug:cv_sfinterface.obj
 0001:0002a4d0       cvsf_eml_init_mcdc         000000018002b4d0 f   sfc_debug:cv_sfinterface.obj
 0001:0002a560       cvsf_eml_init_switch       000000018002b560 f   sfc_debug:cv_sfinterface.obj
 0001:0002a5d0       cvsf_script_eval           000000018002b5d0 f   sfc_debug:cv_sfinterface.obj
 0001:0002a6b0       cvsf_script_init_script    000000018002b6b0 f   sfc_debug:cv_sfinterface.obj
 0001:0002a740       cvsf_script_init_fcn       000000018002b740 f   sfc_debug:cv_sfinterface.obj
 0001:0002a7a0       cvsf_script_init_testobjective 000000018002b7a0 f   sfc_debug:cv_sfinterface.obj
 0001:0002a800       cvsf_script_init_saturation 000000018002b800 f   sfc_debug:cv_sfinterface.obj
 0001:0002a850       cvsf_script_init_if        000000018002b850 f   sfc_debug:cv_sfinterface.obj
 0001:0002a8b0       cvsf_script_init_for       000000018002b8b0 f   sfc_debug:cv_sfinterface.obj
 0001:0002a900       cvsf_script_init_while     000000018002b900 f   sfc_debug:cv_sfinterface.obj
 0001:0002a950       cvsf_script_init_mcdc      000000018002b950 f   sfc_debug:cv_sfinterface.obj
 0001:0002a9e0       cvsf_script_init_switch    000000018002b9e0 f   sfc_debug:cv_sfinterface.obj
 0001:0002aa50       cv_destroy_interface       000000018002ba50 f   sfc_debug:cv_sfinterface.obj
 0001:0002aa70       cv_create_instance_objects 000000018002ba70 f   sfc_debug:cv_sfinterface.obj
 0001:0002aee0       cv_is_enabled              000000018002bee0 f   sfc_debug:cv_sfinterface.obj
 0001:0002aef0       sf_debug_cv_initialize_script 000000018002bef0 f   sfc_debug:cv_sfinterface.obj
 0001:0002b080       sf_debug_cv_initialize_instance 000000018002c080 f   sfc_debug:cv_sfinterface.obj
 0001:0002b410       sf_debug_cv_terminate_chart 000000018002c410 f   sfc_debug:cv_sfinterface.obj
 0001:0002b530       cv_call_trans_test         000000018002c530 f   sfc_debug:cv_sfinterface.obj
 0001:0002b540       cv_call_sub_cond_test      000000018002c540 f   sfc_debug:cv_sfinterface.obj
 0001:0002b580       sf_debug_st_initialize_machine 000000018002c580 f   sfc_debug:sfdb_data_browse.obj
 0001:0002b630       sf_debug_st_initialize_instance 000000018002c630 f   sfc_debug:sfdb_data_browse.obj
 0001:0002b840       sf_debug_st_terminate      000000018002c840 f   sfc_debug:sfdb_data_browse.obj
 0001:0002bbe0       sf_debug_st_set_data_value_ptr_in_machine 000000018002cbe0 f   sfc_debug:sfdb_data_browse.obj
 0001:0002bc70       sf_debug_st_set_data_value_ptr_in_instance 000000018002cc70 f   sfc_debug:sfdb_data_browse.obj
 0001:0002bd50       sf_debug_st_unset_data_value_ptr_in_machine 000000018002cd50 f   sfc_debug:sfdb_data_browse.obj
 0001:0002bdc0       sf_debug_st_unset_data_value_ptr_in_instance 000000018002cdc0 f   sfc_debug:sfdb_data_browse.obj
 0001:0002c080       sf_debug_mx_value          000000018002d080 f   sfc_debug:sfdb_data_browse.obj
 0001:0002c0e0       sf_debug_mx_packed_vector  000000018002d0e0 f   sfc_debug:sfdb_data_browse.obj
 0001:0002c1c0       sf_debug_mx_uint_vector    000000018002d1c0 f   sfc_debug:sfdb_data_browse.obj
 0001:0002c270       sf_debug_st_get_double_value_from_void_ptr_vector 000000018002d270 f   sfc_debug:sfdb_data_browse.obj
 0001:0002cd50       sf_debug_st_browse_data    000000018002dd50 f   sfc_debug:sfdb_data_browse.obj
 0001:0002d590       sf_debug_hm_initialize_instance 000000018002e590 f   sfc_debug:sfdb_handle_management.obj
 0001:0002da70       sf_debug_hm_get_object_id  000000018002ea70 f   sfc_debug:sfdb_handle_management.obj
 0001:0002e620       sf_debug_hm_update_chart_visibility 000000018002f620 f   sfc_debug:sfdb_handle_management.obj
 0001:0002f810       sf_debug_object_is_eml_function 0000000180030810 f   sfc_debug:sfdb_handle_management.obj
 0001:0002f880       sf_debug_hm_initialize_ids_in_machine 0000000180030880 f   sfc_debug:sfdb_handle_management.obj
 0001:0002f9f0       sf_debug_hm_initialize_ids_in_chart 00000001800309f0 f   sfc_debug:sfdb_handle_management.obj
 0001:0002faf0       sf_debug_hm_initialize_chart 0000000180030af0 f   sfc_debug:sfdb_handle_management.obj
 0001:000301f0       sf_debug_hm_terminate      00000001800311f0 f   sfc_debug:sfdb_handle_management.obj
 0001:00030250       sf_debug_hm_initialize_machine 0000000180031250 f   sfc_debug:sfdb_handle_management.obj
 0001:00030970       sf_debug_ss_initialize     0000000180031970 f   sfc_debug:sfdb_symbol_scope.obj
 0001:00030990       sf_debug_ss_terminate      0000000180031990 f   sfc_debug:sfdb_symbol_scope.obj
 0001:00030a20       sf_debug_ss_push_symbol_scope 0000000180031a20 f   sfc_debug:sfdb_symbol_scope.obj
 0001:00030b20       sf_debug_ss_push_symbol_scope_eml 0000000180031b20 f   sfc_debug:sfdb_symbol_scope.obj
 0001:00030b80       sf_debug_ss_pop_symbol_scope 0000000180031b80 f   sfc_debug:sfdb_symbol_scope.obj
 0001:00030c30       sf_debug_ss_add_symbol     0000000180031c30 f   sfc_debug:sfdb_symbol_scope.obj
 0001:00030da0       sf_debug_ss_add_symbol_eml 0000000180031da0 f   sfc_debug:sfdb_symbol_scope.obj
 0001:00031ca0       sf_debug_ss_set_data_value 0000000180032ca0 f   sfc_debug:sfdb_symbol_scope.obj
 0001:000320f0       getInstanceNumber          00000001800330f0 f   sfc_debug:sfdb_symbol_scope.obj
 0001:000321c0       sf_debug_ss_watch_data     00000001800331c0 f   sfc_debug:sfdb_symbol_scope.obj
 0001:000323b0       sf_debug_ss_assign_data    00000001800333b0 f   sfc_debug:sfdb_symbol_scope.obj
 0001:00032dc0       get_data_entry_name        0000000180033dc0 f   sfc_debug:sfdb_symbol_scope.obj
 0001:00032e10       sf_debug_ss_whos           0000000180033e10 f   sfc_debug:sfdb_symbol_scope.obj
 0001:00033460       sf_debug_cc_initialize_chart 0000000180034460 f   sfc_debug:sfdb_coverage.obj
 0001:00033e50       sf_debug_cc_initialize_instance 0000000180034e50 f   sfc_debug:sfdb_coverage.obj
 0001:00034b90       sf_debug_cc_terminate      0000000180035b90 f   sfc_debug:sfdb_coverage.obj
 0001:00034c80       sf_debug_cc_set_transition_maps 0000000180035c80 f   sfc_debug:sfdb_coverage.obj
 0001:00034db0       sf_debug_cc_set_state_maps 0000000180035db0 f   sfc_debug:sfdb_coverage.obj
 0001:00034e90       sf_debug_cc_set_transition_weights 0000000180035e90 f   sfc_debug:sfdb_coverage.obj
 0001:00035150       sf_debug_cc_set_state_weights 0000000180036150 f   sfc_debug:sfdb_coverage.obj
 0001:00035420       sf_debug_cc_mark_transition_guard 0000000180036420 f   sfc_debug:sfdb_coverage.obj
 0001:000354b0       sf_debug_cc_mark_transition_trigger 00000001800364b0 f   sfc_debug:sfdb_coverage.obj
 0001:00035540       sf_debug_cc_mark_transition_decision 0000000180036540 f   sfc_debug:sfdb_coverage.obj
 0001:000355b0       sf_debug_cc_mark_transition_condition_action 00000001800365b0 f   sfc_debug:sfdb_coverage.obj
 0001:00035600       sf_debug_cc_mark_transition_transition_action 0000000180036600 f   sfc_debug:sfdb_coverage.obj
 0001:00035650       sf_debug_cc_mark_state_entry 0000000180036650 f   sfc_debug:sfdb_coverage.obj
 0001:000356a0       sf_debug_cc_mark_state_during 00000001800366a0 f   sfc_debug:sfdb_coverage.obj
 0001:000356f0       sf_debug_cc_mark_state_exit 00000001800366f0 f   sfc_debug:sfdb_coverage.obj
 0001:00035740       sf_debug_bm_clear_script_breakpoints 0000000180036740 f   sfc_debug:sfdb_breakpoints.obj
 0001:00035770       sf_debug_bm_set_script_breakpoint 0000000180036770 f   sfc_debug:sfdb_breakpoints.obj
 0001:000357f0       sf_debug_bm_clear_single_script_breakpoint 00000001800367f0 f   sfc_debug:sfdb_breakpoints.obj
 0001:00035870       sf_debug_bm_query_script_breakpoint 0000000180036870 f   sfc_debug:sfdb_breakpoints.obj
 0001:000358c0       sf_debug_bm_initialize_scripts 00000001800368c0 f   sfc_debug:sfdb_breakpoints.obj
 0001:00035f50       sf_debug_bm_terminate      0000000180036f50 f   sfc_debug:sfdb_breakpoints.obj
 0001:00036230       sf_debug_bm_remove_all_breakpoints_in_machine 0000000180037230 f   sfc_debug:sfdb_breakpoints.obj
 0001:00036290       sf_debug_bm_remove_all_breakpoints_in_chart 0000000180037290 f   sfc_debug:sfdb_breakpoints.obj
 0001:000363e0       sf_debug_bm_initialize_global_breakpoints 00000001800373e0 f   sfc_debug:sfdb_breakpoints.obj
 0001:00036560       sf_debug_bm_set_breakpoint 0000000180037560 f   sfc_debug:sfdb_breakpoints.obj
 0001:00036b20       sf_debug_bm_set_eml_breakpoint 0000000180037b20 f   sfc_debug:sfdb_breakpoints.obj
 0001:00036bb0       sf_debug_bm_initialize_machine_breakpoint_map 0000000180037bb0 f   sfc_debug:sfdb_breakpoints.obj
 0001:00036fd0       sf_debug_bm_is_a_breakpoint 0000000180037fd0 f   sfc_debug:sfdb_breakpoints.obj
 0001:000374f0       sf_debug_bm_get_all_breakpoints_in_machine 00000001800384f0 f   sfc_debug:sfdb_breakpoints.obj
 0001:000377f0       sf_debug_bm_get_all_breakpoints_in_chart 00000001800387f0 f   sfc_debug:sfdb_breakpoints.obj
 0001:00038380       sf_debug_bm_initialize_machine 0000000180039380 f   sfc_debug:sfdb_breakpoints.obj
 0001:00038450       sf_debug_bm_initialize_chart 0000000180039450 f   sfc_debug:sfdb_breakpoints.obj
 0001:00038840       sf_debug_sc_terminate      0000000180039840 f   sfc_debug:sfdb_state_consistency.obj
 0001:00038b60       sf_debug_sc_is_chart_consistent 0000000180039b60 f   sfc_debug:sfdb_state_consistency.obj
 0001:00038e10       sf_debug_sc_get_consistency_error_info 0000000180039e10 f   sfc_debug:sfdb_state_consistency.obj
 0001:00039220       sf_debug_tm_terminate      000000018003a220 f   sfc_debug:sfdb_call_stack.obj
 0001:000392d0       sf_debug_tm_push_chart_instance 000000018003a2d0 f   sfc_debug:sfdb_call_stack.obj
 0001:00039410       sf_debug_tm_pop_chart_instance 000000018003a410 f   sfc_debug:sfdb_call_stack.obj
 0001:00039470       sf_debug_tm_push_trace_node 000000018003a470 f   sfc_debug:sfdb_call_stack.obj
 0001:000395f0       sf_debug_tm_pop_trace_node 000000018003a5f0 f   sfc_debug:sfdb_call_stack.obj
 0001:00039670       sf_debug_tm_get_current_global_trace_index 000000018003a670 f   sfc_debug:sfdb_call_stack.obj
 0001:00039680       sf_debug_tm_get_current_local_trace_index 000000018003a680 f   sfc_debug:sfdb_call_stack.obj
 0001:000396b0       sf_debug_tm_set_cycle_detected_flag 000000018003a6b0 f   sfc_debug:sfdb_call_stack.obj
 0001:000396f0       sf_debug_tm_set_cycle_started_flag 000000018003a6f0 f   sfc_debug:sfdb_call_stack.obj
 0001:00039730       sf_debug_tm_get_chart_number_from_stack 000000018003a730 f   sfc_debug:sfdb_call_stack.obj
 0001:00039930       sf_debug_tm_browse_trace   000000018003a930 f   sfc_debug:sfdb_call_stack.obj
 0001:00039c40       sf_debug_cd_initialize_instance 000000018003ac40 f   sfc_debug:sfdb_cycle_detection.obj
 0001:00039ef0       sf_debug_cd_mark_processed_transition_in_instance 000000018003aef0 f   sfc_debug:sfdb_cycle_detection.obj
 0001:00039f90       sf_debug_cd_checksum_push  000000018003af90 f   sfc_debug:sfdb_cycle_detection.obj
 0001:0003a240       sf_debug_cd_checksum_pop   000000018003b240 f   sfc_debug:sfdb_cycle_detection.obj
 0001:0003a2b0       sf_debug_cd_turn_off_cycle_detection 000000018003b2b0 f   sfc_debug:sfdb_cycle_detection.obj
 0001:0003a300       sf_debug_cd_terminate      000000018003b300 f   sfc_debug:sfdb_cycle_detection.obj
 0001:0003a530       md5_initialize_state       000000018003b530 f   sfc_debug:ckmd5.obj
 0001:0003afc0       md5_update_state           000000018003bfc0 f   sfc_debug:ckmd5.obj
 0001:0003afe0       md5_get_hash               000000018003bfe0 f   sfc_debug:ckmd5.obj
 0001:0003b010       md5_get_hash_for_a_single_string 000000018003c010 f   sfc_debug:ckmd5.obj
 0001:0003b070       mxGetPr                    000000018003c070 f   libmx:libmx.dll
 0001:0003b076       mxCreateDoubleScalar       000000018003c076 f   libmx:libmx.dll
 0001:0003b07c       mxCreateDoubleMatrix_730   000000018003c07c f   libmx:libmx.dll
 0001:0003b082       mxSetField_730             000000018003c082 f   libmx:libmx.dll
 0001:0003b088       mxCreateString             000000018003c088 f   libmx:libmx.dll
 0001:0003b08e       mxCreateStructMatrix_730   000000018003c08e f   libmx:libmx.dll
 0001:0003b094       mxCreateCellMatrix_730     000000018003c094 f   libmx:libmx.dll
 0001:0003b09a       mxDestroyArray             000000018003c09a f   libmx:libmx.dll
 0001:0003b0a0       mxDuplicateArray           000000018003c0a0 f   libmx:libmx.dll
 0001:0003b0a6       mxIsEmpty                  000000018003c0a6 f   libmx:libmx.dll
 0001:0003b0ac       mxGetString_730            000000018003c0ac f   libmx:libmx.dll
 0001:0003b0b2       mxIsChar                   000000018003c0b2 f   libmx:libmx.dll
 0001:0003b0b8       mxGetClassID               000000018003c0b8 f   libmx:libmx.dll
 0001:0003b0be       mxIsNumeric                000000018003c0be f   libmx:libmx.dll
 0001:0003b0c4       mxIsComplex                000000018003c0c4 f   libmx:libmx.dll
 0001:0003b0ca       mxGetN                     000000018003c0ca f   libmx:libmx.dll
 0001:0003b0d0       mxGetM                     000000018003c0d0 f   libmx:libmx.dll
 0001:0003b0d6       mxCalloc                   000000018003c0d6 f   libmx:libmx.dll
 0001:0003b0dc       mxGetScalar                000000018003c0dc f   libmx:libmx.dll
 0001:0003b0e2       mxIsLogical                000000018003c0e2 f   libmx:libmx.dll
 0001:0003b0e8       mxCreateDoubleMatrix_700   000000018003c0e8 f   libmx:libmx.dll
 0001:0003b0ee       mxFree                     000000018003c0ee f   libmx:libmx.dll
 0001:0003b0f4       mxArrayToString            000000018003c0f4 f   libmx:libmx.dll
 0001:0003b0fa       mxCreateCellMatrix_700     000000018003c0fa f   libmx:libmx.dll
 0001:0003b100       mxSetCell_700              000000018003c100 f   libmx:libmx.dll
 0001:0003b106       mxGetCell_700              000000018003c106 f   libmx:libmx.dll
 0001:0003b10c       mxGetClassName             000000018003c10c f   libmx:libmx.dll
 0001:0003b112       mxSetField_700             000000018003c112 f   libmx:libmx.dll
 0001:0003b118       mxAddField                 000000018003c118 f   libmx:libmx.dll
 0001:0003b11e       mxGetField_700             000000018003c11e f   libmx:libmx.dll
 0001:0003b124       mxGetNumberOfElements      000000018003c124 f   libmx:libmx.dll
 0001:0003b12a       mxIsStruct                 000000018003c12a f   libmx:libmx.dll
 0001:0003b130       mxIsA                      000000018003c130 f   libmx:libmx.dll
 0001:0003b136       mxIsClass                  000000018003c136 f   libmx:libmx.dll
 0001:0003b13c       mxGetLogicals              000000018003c13c f   libmx:libmx.dll
 0001:0003b142       mxIsSparse                 000000018003c142 f   libmx:libmx.dll
 0001:0003b148       mxSetFieldByNumber_700     000000018003c148 f   libmx:libmx.dll
 0001:0003b14e       mxGetFieldByNumber_700     000000018003c14e f   libmx:libmx.dll
 0001:0003b154       mxGetFieldNameByNumber     000000018003c154 f   libmx:libmx.dll
 0001:0003b15a       mxGetNumberOfFields        000000018003c15a f   libmx:libmx.dll
 0001:0003b160       mxCreateStructMatrix_700   000000018003c160 f   libmx:libmx.dll
 0001:0003b166       mxGetFieldNumber           000000018003c166 f   libmx:libmx.dll
 0001:0003b16c       mxIsNaN                    000000018003c16c f   libmx:libmx.dll
 0001:0003b172       mxGetData                  000000018003c172 f   libmx:libmx.dll
 0001:0003b178       mxGetImagData              000000018003c178 f   libmx:libmx.dll
 0001:0003b17e       mxArrayClassIDName         000000018003c17e f   libmx:libmx.dll
 0001:0003b184       mxCreateNumericMatrix_700  000000018003c184 f   libmx:libmx.dll
 0001:0003b18a       mxCreateStructArray_700    000000018003c18a f   libmx:libmx.dll
 0001:0003b190       mxCalcSingleSubscript_700  000000018003c190 f   libmx:libmx.dll
 0001:0003b196       mxGetDimensions_700        000000018003c196 f   libmx:libmx.dll
 0001:0003b19c       mxGetNumberOfDimensions_700 000000018003c19c f   libmx:libmx.dll
 0001:0003b1a2       mxCreateNumericArray_700   000000018003c1a2 f   libmx:libmx.dll
 0001:0003b1a8       mxGetElementSize           000000018003c1a8 f   libmx:libmx.dll
 0001:0003b1ae       mxCreateStringFromNChars_700 000000018003c1ae f   libmx:libmx.dll
 0001:0003b1b4       mxGetString_700            000000018003c1b4 f   libmx:libmx.dll
 0001:0003b1ba       mxIsLogicalScalarTrue      000000018003c1ba f   libmx:libmx.dll
 0001:0003b1c0       mxCreateLogicalScalar      000000018003c1c0 f   libmx:libmx.dll
 0001:0003b1c6       mexUnlock                  000000018003c1c6 f   libmex:libmex.dll
 0001:0003b1cc       mexIsLocked                000000018003c1cc f   libmex:libmex.dll
 0001:0003b1d2       mexWarnMsgTxt              000000018003c1d2 f   libmex:libmex.dll
 0001:0003b1d8       mexCallMATLAB              000000018003c1d8 f   libmex:libmex.dll
 0001:0003b1de       mexErrMsgTxt               000000018003c1de f   libmex:libmex.dll
 0001:0003b1e4       mexMakeArrayPersistent     000000018003c1e4 f   libmex:libmex.dll
 0001:0003b1ea       mexSetTrapFlag             000000018003c1ea f   libmex:libmex.dll
 0001:0003b1f0       mexPutVariable             000000018003c1f0 f   libmex:libmex.dll
 0001:0003b1f6       mexGetVariable             000000018003c1f6 f   libmex:libmex.dll
 0001:0003b1fc       mexLock                    000000018003c1fc f   libmex:libmex.dll
 0001:0003b202       mexMakeMemoryPersistent    000000018003c202 f   libmex:libmex.dll
 0001:0003b208       mexFunctionName            000000018003c208 f   libmex:libmex.dll
 0001:0003b20e       ssRegisterDataTypeFxpFSlopeFixExpBias 000000018003c20e f   libfixedpoint:libfixedpoint.dll
 0001:0003b214       ssRegisterDataTypeFxpScaledDouble 000000018003c214 f   libfixedpoint:libfixedpoint.dll
 0001:0003b21a       utMalloc                   000000018003c21a f   libut:libut.dll
 0001:0003b220       utFree                     000000018003c220 f   libut:libut.dll
 0001:0003b226       utVSNprintf                000000018003c226 f   libut:libut.dll
 0001:0003b22c       utCPUtime                  000000018003c22c f   libut:libut.dll
 0001:0003b232       utCalloc                   000000018003c232 f   libut:libut.dll
 0001:0003b238       utRealloc                  000000018003c238 f   libut:libut.dll
 0001:0003b23e       muDoubleScalarSqrt         000000018003c23e f   libmwmathutil:libmwmathutil.dll
 0001:0003b244       muDoubleScalarAbs          000000018003c244 f   libmwmathutil:libmwmathutil.dll
 0001:0003b24a       emlrtCreateRootTLS         000000018003c24a f   libemlrt:libemlrt.dll
 0001:0003b250       emlrtDestroyRootTLS        000000018003c250 f   libemlrt:libemlrt.dll
 0001:0003b256       emlrtCheckBuiltInR2012b    000000018003c256 f   libemlrt:libemlrt.dll
 0001:0003b25c       emlrtCheckVsBuiltInR2012b  000000018003c25c f   libemlrt:libemlrt.dll
 0001:0003b262       emlrtCheckEnumR2012b       000000018003c262 f   libemlrt:libemlrt.dll
 0001:0003b268       emlrtCreateEnumR2012b      000000018003c268 f   libemlrt:libemlrt.dll
 0001:0003b26e       emlrtGetEnumElementR2009a  000000018003c26e f   libemlrt:libemlrt.dll
 0001:0003b274       emlrtCreateReference       000000018003c274 f   libemlrt:libemlrt.dll
 0001:0003b27a       emlrtImportVsFiArrayR2009b 000000018003c27a f   libemlrt:libemlrt.dll
 0001:0003b280       emlrtNameCapturePostProcessR2012a 000000018003c280 f   libemlrt:libemlrt.dll
 0001:0003b286       emlrtExtractMessageId      000000018003c286 f   libemlrt:libemlrt.dll
 0001:0003b28c       emlrtTranslateMessageIDtoLCPstring 000000018003c28c f   libemlrt:libemlrt.dll
 0001:0003b292       emlrtForLoopVectorIsValidR2011b 000000018003c292 f   libemlrt:libemlrt.dll
 0001:0003b298       emlrtTranslateUTF16MessagetoLCPstring 000000018003c298 f   libemlrt:libemlrt.dll
 0001:0003b29e       emlrtGetEnumUnderlyingArrayR2009a 000000018003c29e f   libemlrt:libemlrt.dll
 0001:0003b2a4       emlrtIsEnumR2009a          000000018003c2a4 f   libemlrt:libemlrt.dll
 0001:0003b2ac       __GSHandlerCheckCommon     000000018003c2ac f   MSVCRT:gshandler.obj
 0001:0003b310       __GSHandlerCheck           000000018003c310 f   MSVCRT:gshandler.obj
 0001:0003b32e       strlen                     000000018003c32e f   MSVCRT:MSVCR100.dll
 0001:0003b350       __security_check_cookie    000000018003c350 f   MSVCRT:amdsecgs.obj
 0001:0003b370       memset                     000000018003c370 f   MSVCRT:MSVCR100.dll
 0001:0003b390       __chkstk                   000000018003c390 f   MSVCRT:chkstk.obj
 0001:0003b390       _alloca_probe              000000018003c390     MSVCRT:chkstk.obj
 0001:0003b3de       strcmp                     000000018003c3de f   MSVCRT:MSVCR100.dll
 0001:0003b3e4       free                       000000018003c3e4 f   MSVCRT:MSVCR100.dll
 0001:0003b3ea       sprintf                    000000018003c3ea f   MSVCRT:MSVCR100.dll
 0001:0003b3f0       malloc                     000000018003c3f0 f   MSVCRT:MSVCR100.dll
 0001:0003b3f6       strcat                     000000018003c3f6 f   MSVCRT:MSVCR100.dll
 0001:0003b3fc       memcpy                     000000018003c3fc f   MSVCRT:MSVCR100.dll
 0001:0003b404       NtCurrentTeb               000000018003c404 f i MSVCRT:crtdll.obj
 0001:0003b470       _CRT_INIT                  000000018003c470 f   MSVCRT:crtdll.obj
 0001:0003b808       _DllMainCRTStartup         000000018003c808 f   MSVCRT:crtdll.obj
 0001:0003b846       strncpy                    000000018003c846 f   MSVCRT:MSVCR100.dll
 0001:0003b84c       longjmp                    000000018003c84c f   MSVCRT:MSVCR100.dll
 0001:0003b852       strncmp                    000000018003c852 f   MSVCRT:MSVCR100.dll
 0001:0003b858       ceil                       000000018003c858 f   MSVCRT:MSVCR100.dll
 0001:0003b85e       strrchr                    000000018003c85e f   MSVCRT:MSVCR100.dll
 0001:0003b864       _setjmp                    000000018003c864 f   MSVCRT:MSVCR100.dll
 0001:0003b86a       ldexp                      000000018003c86a f   MSVCRT:MSVCR100.dll
 0001:0003b870       __report_gsfailure         000000018003c870 f   MSVCRT:gs_report.obj
 0001:0003b9bc       __clean_type_info_names    000000018003c9bc f   MSVCRT:tncleanup.obj
 0001:0003b9c8       _onexit                    000000018003c9c8 f   MSVCRT:atonexit.obj
 0001:0003ba78       atexit                     000000018003ca78 f   MSVCRT:atonexit.obj
 0001:0003ba90       _RTC_Initialize            000000018003ca90 f   MSVCRT:_initsect_.obj
 0001:0003bac8       _RTC_Terminate             000000018003cac8 f   MSVCRT:_initsect_.obj
 0001:0003bb00       _malloc_crt                000000018003cb00 f   MSVCRT:MSVCR100.dll
 0001:0003bb10       _ValidateImageBase         000000018003cb10 f   MSVCRT:pesect.obj
 0001:0003bb40       _FindPESection             000000018003cb40 f   MSVCRT:pesect.obj
 0001:0003bb90       _IsNonwritableInCurrentImage 000000018003cb90 f   MSVCRT:pesect.obj
 0001:0003bbd2       _initterm                  000000018003cbd2 f   MSVCRT:MSVCR100.dll
 0001:0003bbd8       _initterm_e                000000018003cbd8 f   MSVCRT:MSVCR100.dll
 0001:0003bbde       _encoded_null              000000018003cbde f   MSVCRT:MSVCR100.dll
 0001:0003bbe4       _amsg_exit                 000000018003cbe4 f   MSVCRT:MSVCR100.dll
 0001:0003bbea       __C_specific_handler       000000018003cbea f   MSVCRT:MSVCR100.dll
 0001:0003bbf0       __CppXcptFilter            000000018003cbf0 f   MSVCRT:MSVCR100.dll
 0001:0003bbf8       DllMain                    000000018003cbf8 f   MSVCRT:dllmain.obj
 0001:0003bc1c       __security_init_cookie     000000018003cc1c f   MSVCRT:gs_support.obj
 0001:0003bcd0       __crt_debugger_hook        000000018003ccd0 f   MSVCRT:MSVCR100.dll
 0001:0003bcd6       __clean_type_info_names_internal 000000018003ccd6 f   MSVCRT:MSVCR100.dll
 0001:0003bcdc       _unlock                    000000018003ccdc f   MSVCRT:MSVCR100.dll
 0001:0003bce2       __dllonexit                000000018003cce2 f   MSVCRT:MSVCR100.dll
 0001:0003bce8       _lock                      000000018003cce8 f   MSVCRT:MSVCR100.dll
 0001:0003bcee       EncodePointer              000000018003ccee f   kernel32:KERNEL32.dll
 0001:0003bcf4       DecodePointer              000000018003ccf4 f   kernel32:KERNEL32.dll
 0001:0003bcfa       Sleep                      000000018003ccfa f   kernel32:KERNEL32.dll
 0001:0003bd00       TerminateProcess           000000018003cd00 f   kernel32:KERNEL32.dll
 0001:0003bd06       GetCurrentProcess          000000018003cd06 f   kernel32:KERNEL32.dll
 0001:0003bd0c       UnhandledExceptionFilter   000000018003cd0c f   kernel32:KERNEL32.dll
 0001:0003bd12       SetUnhandledExceptionFilter 000000018003cd12 f   kernel32:KERNEL32.dll
 0001:0003bd18       IsDebuggerPresent          000000018003cd18 f   kernel32:KERNEL32.dll
 0001:0003bd1e       RtlVirtualUnwind           000000018003cd1e f   kernel32:KERNEL32.dll
 0001:0003bd24       RtlLookupFunctionEntry     000000018003cd24 f   kernel32:KERNEL32.dll
 0001:0003bd2a       RtlCaptureContext          000000018003cd2a f   kernel32:KERNEL32.dll
 0001:0003bd30       DisableThreadLibraryCalls  000000018003cd30 f   kernel32:KERNEL32.dll
 0001:0003bd36       QueryPerformanceCounter    000000018003cd36 f   kernel32:KERNEL32.dll
 0001:0003bd3c       GetTickCount               000000018003cd3c f   kernel32:KERNEL32.dll
 0001:0003bd42       GetCurrentThreadId         000000018003cd42 f   kernel32:KERNEL32.dll
 0001:0003bd48       GetCurrentProcessId        000000018003cd48 f   kernel32:KERNEL32.dll
 0001:0003bd4e       GetSystemTimeAsFileTime    000000018003cd4e f   kernel32:KERNEL32.dll
 0002:00000000       __imp_RtlLookupFunctionEntry 000000018003d000     kernel32:KERNEL32.dll
 0002:00000008       __imp_RtlVirtualUnwind     000000018003d008     kernel32:KERNEL32.dll
 0002:00000010       __imp_IsDebuggerPresent    000000018003d010     kernel32:KERNEL32.dll
 0002:00000018       __imp_SetUnhandledExceptionFilter 000000018003d018     kernel32:KERNEL32.dll
 0002:00000020       __imp_UnhandledExceptionFilter 000000018003d020     kernel32:KERNEL32.dll
 0002:00000028       __imp_GetCurrentProcess    000000018003d028     kernel32:KERNEL32.dll
 0002:00000030       __imp_TerminateProcess     000000018003d030     kernel32:KERNEL32.dll
 0002:00000038       __imp_Sleep                000000018003d038     kernel32:KERNEL32.dll
 0002:00000040       __imp_DecodePointer        000000018003d040     kernel32:KERNEL32.dll
 0002:00000048       __imp_EncodePointer        000000018003d048     kernel32:KERNEL32.dll
 0002:00000050       __imp_DisableThreadLibraryCalls 000000018003d050     kernel32:KERNEL32.dll
 0002:00000058       __imp_QueryPerformanceCounter 000000018003d058     kernel32:KERNEL32.dll
 0002:00000060       __imp_GetTickCount         000000018003d060     kernel32:KERNEL32.dll
 0002:00000068       __imp_GetCurrentThreadId   000000018003d068     kernel32:KERNEL32.dll
 0002:00000070       __imp_GetCurrentProcessId  000000018003d070     kernel32:KERNEL32.dll
 0002:00000078       __imp_GetSystemTimeAsFileTime 000000018003d078     kernel32:KERNEL32.dll
 0002:00000080       __imp_RtlCaptureContext    000000018003d080     kernel32:KERNEL32.dll
 0002:00000088       \177KERNEL32_NULL_THUNK_DATA 000000018003d088     kernel32:KERNEL32.dll
 0002:00000090       __imp__onexit              000000018003d090     MSVCRT:MSVCR100.dll
 0002:00000098       __imp__lock                000000018003d098     MSVCRT:MSVCR100.dll
 0002:000000a0       __imp___dllonexit          000000018003d0a0     MSVCRT:MSVCR100.dll
 0002:000000a8       __imp__unlock              000000018003d0a8     MSVCRT:MSVCR100.dll
 0002:000000b0       __imp___clean_type_info_names_internal 000000018003d0b0     MSVCRT:MSVCR100.dll
 0002:000000b8       __imp___crt_debugger_hook  000000018003d0b8     MSVCRT:MSVCR100.dll
 0002:000000c0       __imp___CppXcptFilter      000000018003d0c0     MSVCRT:MSVCR100.dll
 0002:000000c8       __imp___C_specific_handler 000000018003d0c8     MSVCRT:MSVCR100.dll
 0002:000000d0       __imp__amsg_exit           000000018003d0d0     MSVCRT:MSVCR100.dll
 0002:000000d8       __imp__encoded_null        000000018003d0d8     MSVCRT:MSVCR100.dll
 0002:000000e0       __imp__initterm_e          000000018003d0e0     MSVCRT:MSVCR100.dll
 0002:000000e8       __imp__initterm            000000018003d0e8     MSVCRT:MSVCR100.dll
 0002:000000f0       __imp__malloc_crt          000000018003d0f0     MSVCRT:MSVCR100.dll
 0002:000000f8       __imp_ldexp                000000018003d0f8     MSVCRT:MSVCR100.dll
 0002:00000100       __imp__setjmp              000000018003d100     MSVCRT:MSVCR100.dll
 0002:00000108       __imp_strrchr              000000018003d108     MSVCRT:MSVCR100.dll
 0002:00000110       __imp_ceil                 000000018003d110     MSVCRT:MSVCR100.dll
 0002:00000118       __imp_strncmp              000000018003d118     MSVCRT:MSVCR100.dll
 0002:00000120       __imp_longjmp              000000018003d120     MSVCRT:MSVCR100.dll
 0002:00000128       __imp_strncpy              000000018003d128     MSVCRT:MSVCR100.dll
 0002:00000130       __imp_memcpy               000000018003d130     MSVCRT:MSVCR100.dll
 0002:00000138       __imp_strcat               000000018003d138     MSVCRT:MSVCR100.dll
 0002:00000140       __imp_malloc               000000018003d140     MSVCRT:MSVCR100.dll
 0002:00000148       __imp_sprintf              000000018003d148     MSVCRT:MSVCR100.dll
 0002:00000150       __imp_free                 000000018003d150     MSVCRT:MSVCR100.dll
 0002:00000158       __imp_strcmp               000000018003d158     MSVCRT:MSVCR100.dll
 0002:00000160       __imp_memset               000000018003d160     MSVCRT:MSVCR100.dll
 0002:00000168       __imp_strlen               000000018003d168     MSVCRT:MSVCR100.dll
 0002:00000170       \177MSVCR100_NULL_THUNK_DATA 000000018003d170     MSVCRT:MSVCR100.dll
 0002:00000178       __imp_emlrtIsEnumR2009a    000000018003d178     libemlrt:libemlrt.dll
 0002:00000180       __imp_emlrtGetEnumUnderlyingArrayR2009a 000000018003d180     libemlrt:libemlrt.dll
 0002:00000188       __imp_emlrtTranslateUTF16MessagetoLCPstring 000000018003d188     libemlrt:libemlrt.dll
 0002:00000190       __imp_emlrtForLoopVectorIsValidR2011b 000000018003d190     libemlrt:libemlrt.dll
 0002:00000198       __imp_emlrtTranslateMessageIDtoLCPstring 000000018003d198     libemlrt:libemlrt.dll
 0002:000001a0       __imp_emlrtExtractMessageId 000000018003d1a0     libemlrt:libemlrt.dll
 0002:000001a8       __imp_emlrtNameCapturePostProcessR2012a 000000018003d1a8     libemlrt:libemlrt.dll
 0002:000001b0       __imp_emlrtImportVsFiArrayR2009b 000000018003d1b0     libemlrt:libemlrt.dll
 0002:000001b8       __imp_emlrtCreateReference 000000018003d1b8     libemlrt:libemlrt.dll
 0002:000001c0       __imp_emlrtGetEnumElementR2009a 000000018003d1c0     libemlrt:libemlrt.dll
 0002:000001c8       __imp_emlrtDestroyRootTLS  000000018003d1c8     libemlrt:libemlrt.dll
 0002:000001d0       __imp_emlrtCheckBuiltInR2012b 000000018003d1d0     libemlrt:libemlrt.dll
 0002:000001d8       __imp_emlrtCheckVsBuiltInR2012b 000000018003d1d8     libemlrt:libemlrt.dll
 0002:000001e0       __imp_emlrtCheckEnumR2012b 000000018003d1e0     libemlrt:libemlrt.dll
 0002:000001e8       __imp_emlrtCreateEnumR2012b 000000018003d1e8     libemlrt:libemlrt.dll
 0002:000001f0       __imp_emlrtCreateRootTLS   000000018003d1f0     libemlrt:libemlrt.dll
 0002:000001f8       \177libemlrt_NULL_THUNK_DATA 000000018003d1f8     libemlrt:libemlrt.dll
 0002:00000200       __imp_ssRegisterDataTypeFxpScaledDouble 000000018003d200     libfixedpoint:libfixedpoint.dll
 0002:00000208       __imp_ssRegisterDataTypeFxpFSlopeFixExpBias 000000018003d208     libfixedpoint:libfixedpoint.dll
 0002:00000210       \177libfixedpoint_NULL_THUNK_DATA 000000018003d210     libfixedpoint:libfixedpoint.dll
 0002:00000218       __imp_mexLock              000000018003d218     libmex:libmex.dll
 0002:00000220       __imp_mexMakeMemoryPersistent 000000018003d220     libmex:libmex.dll
 0002:00000228       __imp_mexFunctionName      000000018003d228     libmex:libmex.dll
 0002:00000230       __imp_mexErrMsgTxt         000000018003d230     libmex:libmex.dll
 0002:00000238       __imp_mexGetVariable       000000018003d238     libmex:libmex.dll
[...]
 0001:00011a00       sf_mex_check_complex       0000000180012a00 f   sfc_mex:sfc_mex.obj
 0001:00011a90       sf_mex_check_sparse        0000000180012a90 f   sfc_mex:sfc_mex.obj
 0001:00011af0       sf_mex_check_numerictype   0000000180012af0 f   sfc_mex:sfc_mex.obj
 0001:00011c80       sf_mex_check_fimath        0000000180012c80 f   sfc_mex:sfc_mex.obj
 0001:000127e0       size_mismatch_error        00000001800137e0 f   sfc_mex:sfc_mex.obj
 0001:00013250       check_array_dimensions     0000000180014250 f   sfc_mex:sfc_mex.obj
 0001:000132c0       check_input_mxarray        00000001800142c0 f   sfc_mex:sfc_mex.obj
 0001:00013a00       sf_numeric_value_to_double 0000000180014a00 f   sfc_mex:sfc_mex.obj
 0001:00013a50       ml_generic_out_of_bounds_check 0000000180014a50 f   sfc_mex:sfc_mex.obj
 0001:00013c10       ml_get_element_value_from_array 0000000180014c10 f   sfc_mex:sfc_mex.obj
 0001:00013fb0       _ml_generic_castability_check 0000000180014fb0 f   sfc_mex:sfc_mex.obj
 0001:00014700       ml_generic_castability_check 0000000180015700 f   sfc_mex:sfc_mex.obj
 0001:000147a0       ml_check_mx_array_for_single_castability 00000001800157a0 f   sfc_mex:sfc_mex.obj
 0001:00014840       ml_check_mx_array_for_logical_castability 0000000180015840 f   sfc_mex:sfc_mex.obj
 0001:000148e0       ml_check_mx_array_for_int8_castability 00000001800158e0 f   sfc_mex:sfc_mex.obj
 0001:00014990       ml_check_mx_array_for_uint8_castability 0000000180015990 f   sfc_mex:sfc_mex.obj
 0001:000149f0       ml_check_mx_array_for_int16_castability 00000001800159f0 f   sfc_mex:sfc_mex.obj
 0001:00014a50       ml_check_mx_array_for_uint16_castability 0000000180015a50 f   sfc_mex:sfc_mex.obj
 0001:00014ab0       ml_check_mx_array_for_int32_castability 0000000180015ab0 f   sfc_mex:sfc_mex.obj
 0001:00014b10       ml_check_mx_array_for_uint32_castability 0000000180015b10 f   sfc_mex:sfc_mex.obj
 0001:00014b70       ml_check_mx_array_for_castability 0000000180015b70 f   sfc_mex:sfc_mex.obj
 0001:00015390       set_data_value             0000000180016390 f   sfc_mex:sfc_mex.obj
 0001:00015700       get_data_value             0000000180016700 f   sfc_mex:sfc_mex.obj
 0001:00015810       get_next_element_address   0000000180016810 f   sfc_mex:sfc_mex.obj
 0001:000158e0       sf_normalize_index         00000001800168e0 f   sfc_mex:sfc_mex.obj
 0001:00015c90       ml_array_index_bound_check 0000000180016c90 f   sfc_mex:sfc_mex.obj
 0001:00016810       mx_value                   0000000180017810 f   sfc_mex:sfc_mex.obj
 0001:00016860       sf_create_numeric_array    0000000180017860 f   sfc_mex:sfc_mex.obj
 0001:00016900       sf_mex_assign_to_mx_array  0000000180017900 f   sfc_mex:sfc_mex.obj
 0001:00016c70       assign_from_mx_array       0000000180017c70 f   sfc_mex:sfc_mex.obj
 0001:000173d0       sf_mex_import_v            00000001800183d0 f   sfc_mex:sfc_mex.obj
 0001:00017ae0       get_machine_and_chart_file_number 0000000180018ae0 f   sfc_mex:sfc_sf.obj
 0001:00017bd0       get_sfun_block_specialization 0000000180018bd0 f   sfc_mex:sfc_sf.obj
 0001:00017c80       call_sf_machine_global_method_dispatcher 0000000180018c80 f   sfc_mex:sfc_sf.obj
 0001:00017ed0       mdl_zeroCrossings_processing 0000000180018ed0 f   sfc_mex:sfc_sf.obj
 0001:00017fb0       mdl_derivatives_processing 0000000180018fb0 f   sfc_mex:sfc_sf.obj
 0001:00018290       mdl_outputs_continuous_legacy 0000000180019290 f   sfc_mex:sfc_sf.obj
 0001:00018310       mdl_outputs_processing     0000000180019310 f   sfc_mex:sfc_sf.obj
 0001:00018580       mdl_enable_processing      0000000180019580 f   sfc_mex:sfc_sf.obj
 0001:00018660       mdl_disable_processing     0000000180019660 f   sfc_mex:sfc_sf.obj
 0001:000194f0       sf_call_output_fcn_enable_disable 000000018001a4f0 f   sfc_mex:sfc_sf.obj
 0001:00019770       set_dwork_information_from_mx_array 000000018001a770 f   sfc_mex:sfc_sf.obj
 0001:0001a060       ptr2mxStruct               000000018001b060 f   sfc_mex:sfc_sf.obj
 0001:0001a370       SNPRINTF_WRAPPER           000000018001b370 f   sfc_debug:sfcdebug.obj
 0001:0001a3a0       sf_debug_chart_instance_initialized 000000018001b3a0 f   sfc_debug:sfcdebug.obj
 0001:0001a540       sfrtAddSize                000000018001b540 f   sfc_debug:sfcdebug.obj
 0001:0001a600       sfrtGenSizeString          000000018001b600 f   sfc_debug:sfcdebug.obj
 0001:0001ad50       fill_single_message_info   000000018001bd50 f   sfc_debug:sfcdebug.obj
 0001:0001afd0       sf_debug_sim_status_listener 000000018001bfd0 f   sfc_debug:sfcdebug.obj
 0001:0001b560       sf_debug_form_mask_bits    000000018001c560 f   sfc_debug:sfcdebug.obj
 0001:0001b580       sf_debug_form_sf_data_type_offsets 000000018001c580 f   sfc_debug:sfcdebug.obj
 0001:0001b640       sf_debug_free_all          000000018001c640 f   sfc_debug:sfcdebug.obj
 0001:0001b7d0       sf_debug_append_debugger_context 000000018001c7d0 f   sfc_debug:sfcdebug.obj
 0001:0001bb40       local_strdup               000000018001cb40 f   sfc_debug:sfcdebug.obj
 0001:0001cac0       sf_debug_em_terminate      000000018001dac0 f   sfc_debug:sfcdebug.obj
 0001:0001cb00       sf_debug_push_eml_function 000000018001db00 f   sfc_debug:sfcdebug.obj
 0001:0001cba0       sf_debug_pop_eml_function  000000018001dba0 f   sfc_debug:sfcdebug.obj
 0001:0001d840       sf_debug_get_machine_number_from_id_or_name 000000018001e840 f   sfc_debug:sfcdebug.obj
 0001:0001d990       sf_debug_get_chart_number_from_id 000000018001e990 f   sfc_debug:sfcdebug.obj
 0001:0001e770       sf_debug_transfer_control_to_debugger_GUI 000000018001f770 f   sfc_debug:sfcdebug.obj
 0001:0001f6e0       sf_debug_scripts_rehash    00000001800206e0 f   sfc_debug:sfcdebug.obj
 0001:0001f8f0       sf_debug_get_script_line_count 00000001800208f0 f   sfc_debug:sfcdebug.obj
 0001:00020340       cv_eml_state_cvId          0000000180021340 f   sfc_debug:sfcdebug.obj
 0001:000203b0       cv_eml_trans_cvId          00000001800213b0 f   sfc_debug:sfcdebug.obj
 0001:00021830       sf_debug_data_array_bounds_error 0000000180022830 f   sfc_debug:sfcdebug.obj
 0001:00021be0       eml_debug_runtime_error_doclink 0000000180022be0 f   sfc_debug:sfcdebug.obj
 0001:00021d50       sf_debug_runtime_error     0000000180022d50 f   sfc_debug:sfcdebug.obj
 0001:00021dc0       sf_debug_matlab_error      0000000180022dc0 f   sfc_debug:sfcdebug.obj
 0001:00022730       sf_debug_data_value_error  0000000180023730 f   sfc_debug:sfcdebug.obj
 0001:00023000       sf_debug_data_loss_error   0000000180024000 f   sfc_debug:sfcdebug.obj
 0001:00023f20       call_cv_range_check        0000000180024f20 f   sfc_debug:sfcdebug.obj
 0001:00024780       sf_debug_invoke_cycle_detection_code 0000000180025780 f   sfc_debug:sfcdebug.obj
 0001:000252f0       sf_reset_debug_info_struct 00000001800262f0 f   sfc_debug:sfcdebug.obj
 0001:00025ae0       cv_script_cvId             0000000180026ae0 f   sfc_debug:sfcdebug.obj
 0001:00026ca0       sfc_api_chart_visible      0000000180027ca0 f   sfc_debug:sfc_api.obj
 0001:00026d30       sfc_api_active_instance    0000000180027d30 f   sfc_debug:sfc_api.obj
 0001:00026dc0       sfc_api_machine_load       0000000180027dc0 f   sfc_debug:sfc_api.obj
 0001:00026eb0       sfc_api_debugger_alive     0000000180027eb0 f   sfc_debug:sfc_api.obj
 0001:00026ec0       sfc_api_go                 0000000180027ec0 f   sfc_debug:sfc_api.obj
 0001:00026ed0       sfc_api_step_over          0000000180027ed0 f   sfc_debug:sfc_api.obj
 0001:00026ee0       sfc_api_step_out           0000000180027ee0 f   sfc_debug:sfc_api.obj
 0001:00026ef0       sfc_api_resume             0000000180027ef0 f   sfc_debug:sfc_api.obj
 0001:00026f00       sfc_api_break              0000000180027f00 f   sfc_debug:sfc_api.obj
 0001:00026f10       sfc_api_stop_debugging     0000000180027f10 f   sfc_debug:sfc_api.obj
 0001:00026f70       sfc_api_is_cycle_detected  0000000180027f70 f   sfc_debug:sfc_api.obj
 0001:00026fd0       sfc_api_is_array_bounds_detected 0000000180027fd0 f   sfc_debug:sfc_api.obj
 0001:00027030       sfc_api_set_disable_all_breakpoints 0000000180028030 f   sfc_debug:sfc_api.obj
 0001:000270b0       sfc_api_disable_all_breakpoints_and_go 00000001800280b0 f   sfc_debug:sfc_api.obj
 0001:000270c0       sfc_api_close              00000001800280c0 f   sfc_debug:sfc_api.obj
 0001:000270d0       sfc_api_browse_data        00000001800280d0 f   sfc_debug:sfc_api.obj
 0001:00027150       sfc_api_watch_data         0000000180028150 f   sfc_debug:sfc_api.obj
 0001:00027260       sfc_api_extract_message_post_receive_info 0000000180028260 f   sfc_debug:sfc_api.obj
 0001:00027280       sfc_api_assign_data        0000000180028280 f   sfc_debug:sfc_api.obj
 0001:00027330       sfc_api_whos               0000000180028330 f   sfc_debug:sfc_api.obj
 0001:000273c0       sfc_api_get_consistency_info 00000001800283c0 f   sfc_debug:sfc_api.obj
 0001:000273d0       sfc_api_browse_trace       00000001800283d0 f   sfc_debug:sfc_api.obj
 0001:000273e0       sfc_api_break_on_chart_entry 00000001800283e0 f   sfc_debug:sfc_api.obj
 0001:00027410       sfc_api_break_on_event_broadcast 0000000180028410 f   sfc_debug:sfc_api.obj
 0001:00027440       sfc_api_break_on_state_entry 0000000180028440 f   sfc_debug:sfc_api.obj
 0001:00027470       sfc_api_set_watch          0000000180028470 f   sfc_debug:sfc_api.obj
 0001:00027520       sfc_api_set_breakpoints    0000000180028520 f   sfc_debug:sfc_api.obj
 0001:000275e0       sfc_api_set_eml_breakpoints 00000001800285e0 f   sfc_debug:sfc_api.obj
 0001:00027680       sfc_api_set_script_breakpoints 0000000180028680 f   sfc_debug:sfc_api.obj
 0001:000276e0       sfc_api_add_script_breakpoints 00000001800286e0 f   sfc_debug:sfc_api.obj
 0001:00027740       sfc_api_clear_script_breakpoints 0000000180028740 f   sfc_debug:sfc_api.obj
 0001:000277a0       sfc_api_query_script_breakpoints 00000001800287a0 f   sfc_debug:sfc_api.obj
 0001:00027810       sfc_api_get_script_id      0000000180028810 f   sfc_debug:sfc_api.obj
 0001:000278d0       sfc_api_get_active_states  00000001800288d0 f   sfc_debug:sfc_api.obj
 0001:00027960       sfc_api_break_between_times 0000000180028960 f   sfc_debug:sfc_api.obj
 0001:000279d0       sfc_api_get_instance_handle 00000001800289d0 f   sfc_debug:sfc_api.obj
 0001:00027aa0       sfc_api_set_animation      0000000180028aa0 f   sfc_debug:sfc_api.obj
 0001:00027af0       sfc_api_select_chart       0000000180028af0 f   sfc_debug:sfc_api.obj
 0001:00027b60       sfc_api_select_charts      0000000180028b60 f   sfc_debug:sfc_api.obj
 0001:00027b90       sfc_api_cycle_detection_check 0000000180028b90 f   sfc_debug:sfc_api.obj
 0001:00027be0       sfc_api_data_range_check   0000000180028be0 f   sfc_debug:sfc_api.obj
 0001:00027c30       sfc_api_transition_conflict_check 0000000180028c30 f   sfc_debug:sfc_api.obj
 0001:00027c80       sfc_api_state_consistency_check 0000000180028c80 f   sfc_debug:sfc_api.obj
 0001:00027cd0       sfc_api_set_instance_cv_ids 0000000180028cd0 f   sfc_debug:sfc_api.obj
 0001:00027e00       sfc_api_set_script_cv_ids  0000000180028e00 f   sfc_debug:sfc_api.obj
 0001:00027ed0       sfc_api_get_current_machine_id 0000000180028ed0 f   sfc_debug:sfc_api.obj
 0001:00027f00       sfc_api_get_current_machine_number 0000000180028f00 f   sfc_debug:sfc_api.obj
 0001:00027f30       sfc_api_get_current_chart_number 0000000180028f30 f   sfc_debug:sfc_api.obj
 0001:00027f60       sfc_api_get_current_instance_number 0000000180028f60 f   sfc_debug:sfc_api.obj
 0001:00027f90       sfc_api_get_current_instance_handle 0000000180028f90 f   sfc_debug:sfc_api.obj
 0001:00027fb0       sfc_api_get_current_is_minor_time_step 0000000180028fb0 f   sfc_debug:sfc_api.obj
 0001:00027fe0       sfc_api_get_current_machine_name 0000000180028fe0 f   sfc_debug:sfc_api.obj
 0001:00028000       sfc_api_get_current_chart_id 0000000180029000 f   sfc_debug:sfc_api.obj
 0001:00028030       sfc_api_get_current_object_type 0000000180029030 f   sfc_debug:sfc_api.obj
 0001:00028060       sfc_api_get_current_event_type 0000000180029060 f   sfc_debug:sfc_api.obj
 0001:00028090       sfc_api_get_current_object_id 0000000180029090 f   sfc_debug:sfc_api.obj
 0001:000280c0       sfc_get_current_active_event_type 00000001800290c0 f   sfc_debug:sfc_api.obj
 0001:000280f0       sfc_api_get_current_active_event_id 00000001800290f0 f   sfc_debug:sfc_api.obj
 0001:00028120       sfc_api_get_current_simulation_time 0000000180029120 f   sfc_debug:sfc_api.obj
 0001:00028140       sfc_get_current_tag_type   0000000180029140 f   sfc_debug:sfc_api.obj
 0001:00028170       sfc_get_current_coverage_percentage 0000000180029170 f   sfc_debug:sfc_api.obj
 0001:00028190       sfc_get_current_statement_context 0000000180029190 f   sfc_debug:sfc_api.obj
 0001:000281b0       sfc_get_current_optional_integer 00000001800291b0 f   sfc_debug:sfc_api.obj
 0001:000281e0       sfc_get_current_statement_info 00000001800291e0 f   sfc_debug:sfc_api.obj
 0001:00028280       sfc_api_get                0000000180029280 f   sfc_debug:sfc_api.obj
 0001:00028ee0       sf_debug_sm_fill_state_activity_data 0000000180029ee0 f   sfc_debug:sfdb_animation.obj
 0001:0002b720       void_ptr_stack_vector_free_total 000000018002c720 f   sfc_debug:sfdb_data_browse.obj
 0001:0002b7a0       sf_debug_st_terminate_machine 000000018002c7a0 f   sfc_debug:sfdb_data_browse.obj
 0001:0002b7e0       sf_debug_st_terminate_instance 000000018002c7e0 f   sfc_debug:sfdb_data_browse.obj
 0001:0002bb90       push_on_to_void_ptr_stack  000000018002cb90 f   sfc_debug:sfdb_data_browse.obj
 0001:0002bd20       pop_from_void_ptr_stack    000000018002cd20 f   sfc_debug:sfdb_data_browse.obj
 0001:0002be50       sf_debug_st_get_data_value 000000018002ce50 f   sfc_debug:sfdb_data_browse.obj
 0001:0002c380       mx_value                   000000018002d380 f   sfc_debug:sfdb_data_browse.obj
 0001:0002c3c0       sf_debug_st_fill_data_struct 000000018002d3c0 f   sfc_debug:sfdb_data_browse.obj
 0001:0002c700       data_type_format_strings   000000018002d700 f   sfc_debug:sfdb_data_browse.obj
 0001:0002c7b0       sf_debug_st_fill_data      000000018002d7b0 f   sfc_debug:sfdb_data_browse.obj
 0001:0002d4a0       sf_debug_hm_get_simulink_handle 000000018002e4a0 f   sfc_debug:sfdb_handle_management.obj
 0001:0002df50       sf_debug_hm_initialize_globals 000000018002ef50 f   sfc_debug:sfdb_handle_management.obj
 0001:0002e050       sf_debug_hm_get_machine_debug_flag 000000018002f050 f   sfc_debug:sfdb_handle_management.obj
 0001:0002e1c0       sf_debug_hm_get_machine_id 000000018002f1c0 f   sfc_debug:sfdb_handle_management.obj
 0001:0002e2e0       sf_debug_hm_get_chart_id   000000018002f2e0 f   sfc_debug:sfdb_handle_management.obj
 0001:0002e480       sf_debug_hm_register_executing_SFunction 000000018002f480 f   sfc_debug:sfdb_handle_management.obj
 0001:0002e810       sf_debug_hm_form_object_boolean_properties 000000018002f810 f   sfc_debug:sfdb_handle_management.obj
 0001:0002eae0       sf_debug_hm_form_object_properties 000000018002fae0 f   sfc_debug:sfdb_handle_management.obj
 0001:0002ed20       sf_debug_hm_terminate_charts 000000018002fd20 f   sfc_debug:sfdb_handle_management.obj
 0001:0002f400       sf_debug_hm_terminate_machines 0000000180030400 f   sfc_debug:sfdb_handle_management.obj
 0001:00030e70       sf_debug_ss_copy_dimension 0000000180031e70 f   sfc_debug:sfdb_symbol_scope.obj
 0001:00030f30       sf_debug_ss_get_number_elements 0000000180031f30 f   sfc_debug:sfdb_symbol_scope.obj
 0001:00030f50       sf_debug_ss_fill_data_struct 0000000180031f50 f   sfc_debug:sfdb_symbol_scope.obj
 0001:000312a0       sf_debug_ss_reset_data_info 00000001800322a0 f   sfc_debug:sfdb_symbol_scope.obj
 0001:00031300       sf_debug_fill_data_info_by_symbol_scope_entry 0000000180032300 f   sfc_debug:sfdb_symbol_scope.obj
 0001:000313c0       sf_debug_fill_data_info_by_data_vector 00000001800323c0 f   sfc_debug:sfdb_symbol_scope.obj
 0001:00031610       get_data_info_helper       0000000180032610 f   sfc_debug:sfdb_symbol_scope.obj
 0001:00031900       sf_debug_ss_get_data_info  0000000180032900 f   sfc_debug:sfdb_symbol_scope.obj
 0001:00031b20       sf_debug_select_mex_function 0000000180032b20 f   sfc_debug:sfdb_symbol_scope.obj
 0001:00031b50       sf_debug_is_dyn_matrix_initialized 0000000180032b50 f   sfc_debug:sfdb_symbol_scope.obj
 0001:00031b70       sf_debug_ss_set_data_value_try 0000000180032b70 f   sfc_debug:sfdb_symbol_scope.obj
 0001:00031d60       sf_debug_ss_get_data_value 0000000180032d60 f   sfc_debug:sfdb_symbol_scope.obj
 0001:000324c0       sf_debug_ss_data_bytes_string 00000001800334c0 f   sfc_debug:sfdb_symbol_scope.obj
 0001:00032550       sf_debug_ss_data_class_string 0000000180033550 f   sfc_debug:sfdb_symbol_scope.obj
 0001:000328d0       sf_debug_ss_data_size_string 00000001800338d0 f   sfc_debug:sfdb_symbol_scope.obj
 0001:000329b0       sf_debug_ss_data_create_data_info_struct 00000001800339b0 f   sfc_debug:sfdb_symbol_scope.obj
 0001:00032c60       sf_debug_ss_data_create_name_value_pair 0000000180033c60 f   sfc_debug:sfdb_symbol_scope.obj
 0001:00032d00       sf_debug_ss_data_get_whos_info 0000000180033d00 f   sfc_debug:sfdb_symbol_scope.obj
 0001:00032d10       same_named_data_in_data_array 0000000180033d10 f   sfc_debug:sfdb_symbol_scope.obj
 0001:000344a0       sf_debug_cc_terminate_chart 00000001800354a0 f   sfc_debug:sfdb_coverage.obj
 0001:000347b0       sf_debug_cc_terminate_instance 00000001800357b0 f   sfc_debug:sfdb_coverage.obj
 0001:00035380       sf_debug_cc_mark_object_if_needed 0000000180036380 f   sfc_debug:sfdb_coverage.obj
 0001:00035c00       sf_debug_bm_initialize_eml 0000000180036c00 f   sfc_debug:sfdb_breakpoints.obj
 0001:00036cc0       sf_debug_bm_map_debug_tag_to_breakpoint_tag 0000000180037cc0 f   sfc_debug:sfdb_breakpoints.obj
 0001:00036da0       sf_debug_bm_is_a_eml_breakpoint_impl 0000000180037da0 f   sfc_debug:sfdb_breakpoints.obj
 0001:000386d0       sf_debug_sc_push_on_error_stack 00000001800396d0 f   sfc_debug:sfdb_state_consistency.obj
 0001:000387f0       sf_debug_sc_reset_error_stack 00000001800397f0 f   sfc_debug:sfdb_state_consistency.obj
 0001:00038980       sf_debug_sc_is_state_inconsistent 0000000180039980 f   sfc_debug:sfdb_state_consistency.obj
 0001:00038c70       sf_debug_sc_fill_consistency_info 0000000180039c70 f   sfc_debug:sfdb_state_consistency.obj
 0001:00039210       void_assertion_fcn         000000018003a210 f   sfc_debug:sfdb_call_stack.obj
 0001:00039760       sf_debug_tm_fill_local_trace 000000018003a760 f   sfc_debug:sfdb_call_stack.obj
 0001:00039d00       sf_debug_cd_terminate_instance 000000018003ad00 f   sfc_debug:sfdb_cycle_detection.obj
 0001:00039d60       sf_debug_cd_free_checksum_stack 000000018003ad60 f   sfc_debug:sfdb_cycle_detection.obj
 0001:00039db0       sf_debug_cd_reset_pack_strings 000000018003adb0 f   sfc_debug:sfdb_cycle_detection.obj
 0001:0003a450       md5file_clear              000000018003b450 f   sfc_debug:ckmd5.obj
 0001:0003a480       Encode                     000000018003b480 f   sfc_debug:ckmd5.obj
 0001:0003a4d0       Decode                     000000018003b4d0 f   sfc_debug:ckmd5.obj
 0001:0003a570       MD5Transform               000000018003b570 f   sfc_debug:ckmd5.obj
 0001:0003add0       md5file_addn               000000018003bdd0 f   sfc_debug:ckmd5.obj
 0001:0003aea0       md5file_hash               000000018003bea0 f   sfc_debug:ckmd5.obj
 0001:0003b410       pre_c_init                 000000018003c410 f   MSVCRT:crtdll.obj
 0001:0003b6cc       __DllMainCRTStartup        000000018003c6cc f   MSVCRT:crtdll.obj
 0001:0003bd60       __DllMainCRTStartup$filt$0 000000018003cd60 f   MSVCRT:crtdll.obj
 0001:0003bd90       __DllMainCRTStartup$fin$1  000000018003cd90 f   MSVCRT:crtdll.obj
 0001:0003bdaa       _onexit$fin$0              000000018003cdaa f   MSVCRT:atonexit.obj
 0001:0003bdd0       _IsNonwritableInCurrentImage$filt$0 000000018003cdd0 f   MSVCRT:pesect.obj
